16:42:57 **** Auto Build of configuration Debug for project videodemo ****
make all 
Building file: ../src/video_demo.c
Invoking: MicroBlaze gcc compiler
mb-gcc -Wall -O0 -g3 -c -fmessage-length=0 -MT"src/video_demo.o" -IW:/ece532/integration/hdmi.sdk/standalone_bsp_0/microblaze_0/include -mlittle-endian -mxl-barrel-shift -mxl-pattern-compare -mno-xl-soft-div -mcpu=v9.5 -mno-xl-soft-mul -mxl-multiply-high -mhard-float -mxl-float-convert -mxl-float-sqrt -Wl,--no-relax -MMD -MP -MF"src/video_demo.d" -MT"src/video_demo.o" -o "src/video_demo.o" "../src/video_demo.c"
../src/video_demo.c: In function 'DemoRun':
../src/video_demo.c:257:83: warning: passing argument 6 of 'dma_read_from_memory' discards 'volatile' qualifier from pointer target type [-Wdiscarded-qualifiers]
    dma_read_from_memory(i, &vdma2,&vdma2Config_1,&frame_count_config_1,pFrames[0],memptr);
                                                                                   ^
In file included from ../src/video_demo.c:41:0:
../src/vdma/vdma.h:31:5: note: expected 'u8 * {aka unsigned char *}' but argument is of type 'volatile u8 * {aka volatile unsigned char *}'
 int dma_read_from_memory(int ind, XAxiVdma *vdma,
     ^
../src/video_demo.c:215:6: warning: variable 'locked' set but not used [-Wunused-but-set-variable]
  u32 locked;
      ^
../src/video_demo.c: In function 'DemoChangeRes':
../src/video_demo.c:362:4: warning: implicit declaration of function 'MB_Sleep' [-Wimplicit-function-declaration]
    MB_Sleep(50);
    ^
../src/video_demo.c: In function 'DemoRun':
../src/video_demo.c:257:4: warning: 'i' may be used uninitialized in this function [-Wmaybe-uninitialized]
    dma_read_from_memory(i, &vdma2,&vdma2Config_1,&frame_count_config_1,pFrames[0],memptr);
    ^
Finished building: ../src/video_demo.c
 
Building target: videodemo.elf
Invoking: MicroBlaze gcc linker
mb-gcc -Wl,-T -Wl,../src/lscript.ld -LW:/ece532/integration/hdmi.sdk/standalone_bsp_0/microblaze_0/lib -mlittle-endian -mxl-barrel-shift -mxl-pattern-compare -mno-xl-soft-div -mcpu=v9.5 -mno-xl-soft-mul -mxl-multiply-high -mhard-float -mxl-float-convert -mxl-float-sqrt -Wl,--no-relax -o "videodemo.elf"  ./src/video_capture/video_capture.o  ./src/vdma/vdma.o  ./src/timer_ps/timer_ps.o  ./src/intc/intc.o  ./src/dynclk/dynclk.o  ./src/display_ctrl/display_ctrl.o  ./src/video_demo.o   -Wl,--start-group,-lxil,-lgcc,-lc,--end-group
Finished building target: videodemo.elf
 
Invoking: MicroBlaze Print Size
mb-size videodemo.elf  |tee "videodemo.elf.size"
   text	   data	    bss	    dec	    hex	filename
  63658	    680	18670574	18734912	11ddf40	videodemo.elf
Finished building: videodemo.elf.size
 

16:42:59 Build Finished (took 1s.779ms)

