#-----------------------------------------------------------
# Vivado v2016.2 (64-bit)
# SW Build 1577090 on Thu Jun  2 16:32:40 MDT 2016
# IP Build 1577682 on Fri Jun  3 12:00:54 MDT 2016
# Start of session at: Thu Mar 02 23:54:02 2017
# Process ID: 12992
# Current directory: c:/Xilinx/ece532/tb_4
# Command line: vivado.exe -gui_launcher_event rodinguilauncherevent13644 tb_3.xpr
# Log file: c:/Xilinx/ece532/tb_4/vivado.log
# Journal file: c:/Xilinx/ece532/tb_4\vivado.jou
#-----------------------------------------------------------
start_gui
open_project tb_3.xpr
update_compile_order -fileset sources_1
launch_simulation
open_wave_config c:/Xilinx/ece532/tb_4/tb_behav.wcfg
source tb.tcl
set_property ip.user_files_dir C:/Xilinx/ece532/tb_4/tb_3.ip_user_files [current_project]
set_property -name {xsim.simulate.runtime} -value {100000000ns} -objects [get_filesets sim_1]
close_sim
launch_simulation
open_wave_config c:/Xilinx/ece532/tb_4/tb_behav.wcfg
source tb.tcl
close_sim
launch_simulation
launch_simulation
open_wave_config c:/Xilinx/ece532/tb_4/tb_behav.wcfg
source tb.tcl
close_sim
launch_simulation
open_wave_config c:/Xilinx/ece532/tb_4/tb_behav.wcfg
source tb.tcl
close_sim
launch_simulation
open_wave_config c:/Xilinx/ece532/tb_4/tb_behav.wcfg
source tb.tcl
close_sim
launch_simulation
open_wave_config c:/Xilinx/ece532/tb_4/tb_behav.wcfg
source tb.tcl
close_sim
launch_simulation
open_wave_config c:/Xilinx/ece532/tb_4/tb_behav.wcfg
source tb.tcl
set_property SOURCE_SET sources_1 [get_filesets sim_1]
add_files -fileset sim_1 -norecurse C:/Xilinx/ece532/tb_4/tests/pic_blue_test_hex.txt
close_sim
launch_simulation
launch_simulation
open_wave_config c:/Xilinx/ece532/tb_4/tb_behav.wcfg
source tb.tcl
restart
run 10 us
run 10 us
run 10 us
run 10 us
run 10 us
run 10 us
run 10 us
run 10 us
restart
run 10 us
save_wave_config {c:/Xilinx/ece532/tb_4/tb_behav.wcfg}
close_sim
launch_simulation
launch_simulation
launch_simulation
launch_simulation
launch_simulation
open_wave_config c:/Xilinx/ece532/tb_4/tb_behav.wcfg
source tb.tcl
close_sim
launch_simulation
launch_simulation
open_wave_config c:/Xilinx/ece532/tb_4/tb_behav.wcfg
source tb.tcl
set_property -name {xsim.simulate.runtime} -value {30000000ns} -objects [get_filesets sim_1]
save_wave_config {c:/Xilinx/ece532/tb_4/tb_behav.wcfg}
close_sim
launch_simulation
open_wave_config c:/Xilinx/ece532/tb_4/tb_behav.wcfg
source tb.tcl
