#-----------------------------------------------------------
# Vivado v2016.2 (64-bit)
# SW Build 1577090 on Thu Jun  2 16:32:40 MDT 2016
# IP Build 1577682 on Fri Jun  3 12:00:54 MDT 2016
# Start of session at: Wed Feb 15 01:13:23 2017
# Process ID: 14580
# Current directory: C:/Users/jaziz/Desktop/NexysVideo-master/NexysVideo-master/Projects/hdmi/proj
# Command line: vivado.exe -gui_launcher_event rodinguilauncherevent12948 C:\Users\jaziz\Desktop\NexysVideo-master\NexysVideo-master\Projects\hdmi\proj\hdmi.xpr
# Log file: C:/Users/jaziz/Desktop/NexysVideo-master/NexysVideo-master/Projects/hdmi/proj/vivado.log
# Journal file: C:/Users/jaziz/Desktop/NexysVideo-master/NexysVideo-master/Projects/hdmi/proj\vivado.jou
#-----------------------------------------------------------
start_gui
open_project C:/Users/jaziz/Desktop/NexysVideo-master/NexysVideo-master/Projects/hdmi/proj/hdmi.xpr
update_compile_order -fileset sources_1
launch_sdk -workspace C:/Users/jaziz/Desktop/NexysVideo-master/NexysVideo-master/Projects/hdmi/proj/hdmi.sdk -hwspec C:/Users/jaziz/Desktop/NexysVideo-master/NexysVideo-master/Projects/hdmi/proj/hdmi.sdk/hdmi_wrapper.hdf
