12:48:40 **** Incremental Build of configuration Debug for project videodemo ****
make all 
make: Nothing to be done for `all'.
12:49:36 **** Auto Build of configuration Debug for project videodemo ****
make all 
Building file: ../src/video_demo.c
Invoking: MicroBlaze gcc compiler
mb-gcc -Wall -O0 -g3 -c -fmessage-length=0 -MT"src/video_demo.o" -IW:/ece532/integration/hdmi.sdk/standalone_bsp_0/microblaze_0/include -mlittle-endian -mxl-barrel-shift -mxl-pattern-compare -mno-xl-soft-div -mcpu=v9.5 -mno-xl-soft-mul -mxl-multiply-high -mhard-float -mxl-float-convert -mxl-float-sqrt -Wl,--no-relax -MMD -MP -MF"src/video_demo.d" -MT"src/video_demo.o" -o "src/video_demo.o" "../src/video_demo.c"
../src/video_demo.c: In function 'DemoRun':
../src/video_demo.c:216:6: warning: variable 'locked' set but not used [-Wunused-but-set-variable]
  u32 locked;
      ^
../src/video_demo.c:214:7: warning: unused variable 'userInput' [-Wunused-variable]
  char userInput = 0;
       ^
../src/video_demo.c:213:6: warning: unused variable 'nextFrame' [-Wunused-variable]
  int nextFrame = 0;
      ^
../src/video_demo.c: In function 'DemoChangeRes':
../src/video_demo.c:439:4: warning: implicit declaration of function 'MB_Sleep' [-Wimplicit-function-declaration]
    MB_Sleep(50);
    ^
../src/video_demo.c: At top level:
../src/video_demo.c:76:26: warning: 'vdmaConfig' defined but not used [-Wunused-variable]
 static XAxiVdma_DmaSetup vdmaConfig; /*VDMA_1 read channel configuration*/
                          ^
../src/video_demo.c:77:26: warning: 'vdmaConfig2' defined but not used [-Wunused-variable]
 static XAxiVdma_DmaSetup vdmaConfig2; /*VDMA_1 write channel configuration*/
                          ^
../src/video_demo.c:78:30: warning: 'frame_count_config' defined but not used [-Wunused-variable]
 static XAxiVdma_FrameCounter frame_count_config;
                              ^
../src/video_demo.c:79:30: warning: 'frame_count_config2' defined but not used [-Wunused-variable]
 static XAxiVdma_FrameCounter frame_count_config2;
                              ^
Finished building: ../src/video_demo.c
 
Building target: videodemo.elf
Invoking: MicroBlaze gcc linker
mb-gcc -Wl,-T -Wl,../src/lscript.ld -LW:/ece532/integration/hdmi.sdk/standalone_bsp_0/microblaze_0/lib -mlittle-endian -mxl-barrel-shift -mxl-pattern-compare -mno-xl-soft-div -mcpu=v9.5 -mno-xl-soft-mul -mxl-multiply-high -mhard-float -mxl-float-convert -mxl-float-sqrt -Wl,--no-relax -o "videodemo.elf"  ./src/video_capture/video_capture.o  ./src/vdma/vdma.o  ./src/timer_ps/timer_ps.o  ./src/intc/intc.o  ./src/dynclk/dynclk.o  ./src/display_ctrl/display_ctrl.o  ./src/video_demo.o   -Wl,--start-group,-lxil,-lgcc,-lc,--end-group
Finished building target: videodemo.elf
 
Invoking: MicroBlaze Print Size
mb-size videodemo.elf  |tee "videodemo.elf.size"
   text	   data	    bss	    dec	    hex	filename
  63534	    680	18670568	18734782	11ddebe	videodemo.elf
Finished building: videodemo.elf.size
 
13:06:12 **** Auto Build of configuration Debug for project videodemo ****
make all 
Building file: ../src/video_demo.c
Invoking: MicroBlaze gcc compiler
mb-gcc -Wall -O0 -g3 -c -fmessage-length=0 -MT"src/video_demo.o" -IW:/ece532/integration/hdmi.sdk/standalone_bsp_0/microblaze_0/include -mlittle-endian -mxl-barrel-shift -mxl-pattern-compare -mno-xl-soft-div -mcpu=v9.5 -mno-xl-soft-mul -mxl-multiply-high -mhard-float -mxl-float-convert -mxl-float-sqrt -Wl,--no-relax -MMD -MP -MF"src/video_demo.d" -MT"src/video_demo.o" -o "src/video_demo.o" "../src/video_demo.c"
../src/video_demo.c: In function 'DemoRun':
../src/video_demo.c:246:2: warning: implicit declaration of function 'read_config' [-Wimplicit-function-declaration]
  read_config(&vdma2, &vdma2Config_1, &frame_count_config_1);
  ^
../src/video_demo.c:246:39: error: 'frame_count_config_1' undeclared (first use in this function)
  read_config(&vdma2, &vdma2Config_1, &frame_count_config_1);
                                       ^
../src/video_demo.c:246:39: note: each undeclared identifier is reported only once for each function it appears in
../src/video_demo.c:247:2: warning: implicit declaration of function 'write_config' [-Wimplicit-function-declaration]
  write_config(&vdma2, &vdma2Config_2, &frame_count_config_2);
  ^
../src/video_demo.c:247:40: error: 'frame_count_config_2' undeclared (first use in this function)
  write_config(&vdma2, &vdma2Config_2, &frame_count_config_2);
                                        ^
../src/video_demo.c:248:2: warning: implicit declaration of function 'parking_read' [-Wimplicit-function-declaration]
  parking_read(&vdma);
  ^
../src/video_demo.c:216:6: warning: variable 'locked' set but not used [-Wunused-but-set-variable]
  u32 locked;
      ^
../src/video_demo.c:214:7: warning: unused variable 'userInput' [-Wunused-variable]
  char userInput = 0;
       ^
../src/video_demo.c:213:6: warning: unused variable 'nextFrame' [-Wunused-variable]
  int nextFrame = 0;
      ^
../src/video_demo.c: In function 'DemoChangeRes':
../src/video_demo.c:352:4: warning: implicit declaration of function 'MB_Sleep' [-Wimplicit-function-declaration]
    MB_Sleep(50);
    ^
../src/video_demo.c: At top level:
../src/video_demo.c:78:30: warning: 'frame_count_config' defined but not used [-Wunused-variable]
 static XAxiVdma_FrameCounter frame_count_config;
                              ^
../src/video_demo.c:79:30: warning: 'frame_count_config2' defined but not used [-Wunused-variable]
 static XAxiVdma_FrameCounter frame_count_config2;
                              ^
make: *** [src/video_demo.o] Error 1
13:06:34 **** Auto Build of configuration Debug for project videodemo ****
make all 
Building file: ../src/video_demo.c
Invoking: MicroBlaze gcc compiler
mb-gcc -Wall -O0 -g3 -c -fmessage-length=0 -MT"src/video_demo.o" -IW:/ece532/integration/hdmi.sdk/standalone_bsp_0/microblaze_0/include -mlittle-endian -mxl-barrel-shift -mxl-pattern-compare -mno-xl-soft-div -mcpu=v9.5 -mno-xl-soft-mul -mxl-multiply-high -mhard-float -mxl-float-convert -mxl-float-sqrt -Wl,--no-relax -MMD -MP -MF"src/video_demo.d" -MT"src/video_demo.o" -o "src/video_demo.o" "../src/video_demo.c"
../src/video_demo.c: In function 'DemoRun':
../src/video_demo.c:246:2: warning: implicit declaration of function 'read_config' [-Wimplicit-function-declaration]
  read_config(&vdma2, &vdma2Config_1, &frame_count_config_1);
  ^
../src/video_demo.c:247:2: warning: implicit declaration of function 'write_config' [-Wimplicit-function-declaration]
  write_config(&vdma2, &vdma2Config_2, &frame_count_config_2);
  ^
../src/video_demo.c:248:2: warning: implicit declaration of function 'parking_read' [-Wimplicit-function-declaration]
  parking_read(&vdma);
  ^
../src/video_demo.c:216:6: warning: variable 'locked' set but not used [-Wunused-but-set-variable]
  u32 locked;
      ^
../src/video_demo.c:214:7: warning: unused variable 'userInput' [-Wunused-variable]
  char userInput = 0;
       ^
../src/video_demo.c:213:6: warning: unused variable 'nextFrame' [-Wunused-variable]
  int nextFrame = 0;
      ^
../src/video_demo.c: In function 'DemoChangeRes':
../src/video_demo.c:352:4: warning: implicit declaration of function 'MB_Sleep' [-Wimplicit-function-declaration]
    MB_Sleep(50);
    ^
Finished building: ../src/video_demo.c
 
Building target: videodemo.elf
Invoking: MicroBlaze gcc linker
mb-gcc -Wl,-T -Wl,../src/lscript.ld -LW:/ece532/integration/hdmi.sdk/standalone_bsp_0/microblaze_0/lib -mlittle-endian -mxl-barrel-shift -mxl-pattern-compare -mno-xl-soft-div -mcpu=v9.5 -mno-xl-soft-mul -mxl-multiply-high -mhard-float -mxl-float-convert -mxl-float-sqrt -Wl,--no-relax -o "videodemo.elf"  ./src/video_capture/video_capture.o  ./src/vdma/vdma.o  ./src/timer_ps/timer_ps.o  ./src/intc/intc.o  ./src/dynclk/dynclk.o  ./src/display_ctrl/display_ctrl.o  ./src/video_demo.o   -Wl,--start-group,-lxil,-lgcc,-lc,--end-group
Finished building target: videodemo.elf
 
Invoking: MicroBlaze Print Size
mb-size videodemo.elf  |tee "videodemo.elf.size"
   text	   data	    bss	    dec	    hex	filename
  63618	    680	18670574	18734872	11ddf18	videodemo.elf
Finished building: videodemo.elf.size
 
13:07:26 **** Auto Build of configuration Debug for project videodemo ****
make all 
Building file: ../src/video_demo.c
Invoking: MicroBlaze gcc compiler
mb-gcc -Wall -O0 -g3 -c -fmessage-length=0 -MT"src/video_demo.o" -IW:/ece532/integration/hdmi.sdk/standalone_bsp_0/microblaze_0/include -mlittle-endian -mxl-barrel-shift -mxl-pattern-compare -mno-xl-soft-div -mcpu=v9.5 -mno-xl-soft-mul -mxl-multiply-high -mhard-float -mxl-float-convert -mxl-float-sqrt -Wl,--no-relax -MMD -MP -MF"src/video_demo.d" -MT"src/video_demo.o" -o "src/video_demo.o" "../src/video_demo.c"
../src/video_demo.c:41:18: fatal error: vdma.h: No such file or directory
compilation terminated.
make: *** [src/video_demo.o] Error 1
13:07:42 **** Auto Build of configuration Debug for project videodemo ****
make all 
Building file: ../src/video_demo.c
Invoking: MicroBlaze gcc compiler
mb-gcc -Wall -O0 -g3 -c -fmessage-length=0 -MT"src/video_demo.o" -IW:/ece532/integration/hdmi.sdk/standalone_bsp_0/microblaze_0/include -mlittle-endian -mxl-barrel-shift -mxl-pattern-compare -mno-xl-soft-div -mcpu=v9.5 -mno-xl-soft-mul -mxl-multiply-high -mhard-float -mxl-float-convert -mxl-float-sqrt -Wl,--no-relax -MMD -MP -MF"src/video_demo.d" -MT"src/video_demo.o" -o "src/video_demo.o" "../src/video_demo.c"
../src/video_demo.c: In function 'DemoRun':
../src/video_demo.c:217:6: warning: variable 'locked' set but not used [-Wunused-but-set-variable]
  u32 locked;
      ^
../src/video_demo.c:215:7: warning: unused variable 'userInput' [-Wunused-variable]
  char userInput = 0;
       ^
../src/video_demo.c:214:6: warning: unused variable 'nextFrame' [-Wunused-variable]
  int nextFrame = 0;
      ^
../src/video_demo.c: In function 'DemoChangeRes':
../src/video_demo.c:353:4: warning: implicit declaration of function 'MB_Sleep' [-Wimplicit-function-declaration]
    MB_Sleep(50);
    ^
Finished building: ../src/video_demo.c
 
Building target: videodemo.elf
Invoking: MicroBlaze gcc linker
mb-gcc -Wl,-T -Wl,../src/lscript.ld -LW:/ece532/integration/hdmi.sdk/standalone_bsp_0/microblaze_0/lib -mlittle-endian -mxl-barrel-shift -mxl-pattern-compare -mno-xl-soft-div -mcpu=v9.5 -mno-xl-soft-mul -mxl-multiply-high -mhard-float -mxl-float-convert -mxl-float-sqrt -Wl,--no-relax -o "videodemo.elf"  ./src/video_capture/video_capture.o  ./src/vdma/vdma.o  ./src/timer_ps/timer_ps.o  ./src/intc/intc.o  ./src/dynclk/dynclk.o  ./src/display_ctrl/display_ctrl.o  ./src/video_demo.o   -Wl,--start-group,-lxil,-lgcc,-lc,--end-group
Finished building target: videodemo.elf
 
Invoking: MicroBlaze Print Size
mb-size videodemo.elf  |tee "videodemo.elf.size"
   text	   data	    bss	    dec	    hex	filename
  63618	    680	18670574	18734872	11ddf18	videodemo.elf
Finished building: videodemo.elf.size
 
13:08:16 **** Auto Build of configuration Debug for project videodemo ****
make all 
Building file: ../src/video_demo.c
Invoking: MicroBlaze gcc compiler
mb-gcc -Wall -O0 -g3 -c -fmessage-length=0 -MT"src/video_demo.o" -IW:/ece532/integration/hdmi.sdk/standalone_bsp_0/microblaze_0/include -mlittle-endian -mxl-barrel-shift -mxl-pattern-compare -mno-xl-soft-div -mcpu=v9.5 -mno-xl-soft-mul -mxl-multiply-high -mhard-float -mxl-float-convert -mxl-float-sqrt -Wl,--no-relax -MMD -MP -MF"src/video_demo.d" -MT"src/video_demo.o" -o "src/video_demo.o" "../src/video_demo.c"
../src/video_demo.c: In function 'DemoRun':
../src/video_demo.c:217:6: warning: variable 'locked' set but not used [-Wunused-but-set-variable]
  u32 locked;
      ^
../src/video_demo.c:215:7: warning: unused variable 'userInput' [-Wunused-variable]
  char userInput = 0;
       ^
../src/video_demo.c:214:6: warning: unused variable 'nextFrame' [-Wunused-variable]
  int nextFrame = 0;
      ^
../src/video_demo.c: In function 'DemoChangeRes':
../src/video_demo.c:355:4: warning: implicit declaration of function 'MB_Sleep' [-Wimplicit-function-declaration]
    MB_Sleep(50);
    ^
Finished building: ../src/video_demo.c
 
Building target: videodemo.elf
Invoking: MicroBlaze gcc linker
mb-gcc -Wl,-T -Wl,../src/lscript.ld -LW:/ece532/integration/hdmi.sdk/standalone_bsp_0/microblaze_0/lib -mlittle-endian -mxl-barrel-shift -mxl-pattern-compare -mno-xl-soft-div -mcpu=v9.5 -mno-xl-soft-mul -mxl-multiply-high -mhard-float -mxl-float-convert -mxl-float-sqrt -Wl,--no-relax -o "videodemo.elf"  ./src/video_capture/video_capture.o  ./src/vdma/vdma.o  ./src/timer_ps/timer_ps.o  ./src/intc/intc.o  ./src/dynclk/dynclk.o  ./src/display_ctrl/display_ctrl.o  ./src/video_demo.o   -Wl,--start-group,-lxil,-lgcc,-lc,--end-group
Finished building target: videodemo.elf
 
Invoking: MicroBlaze Print Size
mb-size videodemo.elf  |tee "videodemo.elf.size"
   text	   data	    bss	    dec	    hex	filename
  63618	    680	18670574	18734872	11ddf18	videodemo.elf
Finished building: videodemo.elf.size
 
13:10:09 **** Auto Build of configuration Debug for project videodemo ****
make all 
Building file: ../src/video_demo.c
Invoking: MicroBlaze gcc compiler
mb-gcc -Wall -O0 -g3 -c -fmessage-length=0 -MT"src/video_demo.o" -IW:/ece532/integration/hdmi.sdk/standalone_bsp_0/microblaze_0/include -mlittle-endian -mxl-barrel-shift -mxl-pattern-compare -mno-xl-soft-div -mcpu=v9.5 -mno-xl-soft-mul -mxl-multiply-high -mhard-float -mxl-float-convert -mxl-float-sqrt -Wl,--no-relax -MMD -MP -MF"src/video_demo.d" -MT"src/video_demo.o" -o "src/video_demo.o" "../src/video_demo.c"
../src/video_demo.c: In function 'DemoRun':
../src/video_demo.c:264:31: error: 'vdma_1' undeclared (first use in this function)
      dma_write_to_memory(i , &vdma_1,
                               ^
../src/video_demo.c:264:31: note: each undeclared identifier is reported only once for each function it appears in
../src/video_demo.c:265:15: error: 'vdmaConfig_2' undeclared (first use in this function)
              &vdmaConfig_2,
               ^
../src/video_demo.c:269:13: error: 'vdmaConfig_1' undeclared (first use in this function)
            &vdmaConfig_1,
             ^
../src/video_demo.c:272:12: warning: passing argument 6 of 'dma_read_from_memory' discards 'volatile' qualifier from pointer target type [-Wdiscarded-qualifiers]
            memptr);
            ^
In file included from ../src/video_demo.c:41:0:
../src/vdma/vdma.h:31:5: note: expected 'u8 * {aka unsigned char *}' but argument is of type 'volatile u8 * {aka volatile unsigned char *}'
 int dma_read_from_memory(int ind, XAxiVdma *vdma,
     ^
../src/video_demo.c:217:6: warning: variable 'locked' set but not used [-Wunused-but-set-variable]
  u32 locked;
      ^
../src/video_demo.c:215:7: warning: unused variable 'userInput' [-Wunused-variable]
  char userInput = 0;
       ^
../src/video_demo.c:214:6: warning: unused variable 'nextFrame' [-Wunused-variable]
  int nextFrame = 0;
      ^
../src/video_demo.c: In function 'DemoChangeRes':
../src/video_demo.c:371:4: warning: implicit declaration of function 'MB_Sleep' [-Wimplicit-function-declaration]
    MB_Sleep(50);
    ^
make: *** [src/video_demo.o] Error 1
13:10:16 **** Auto Build of configuration Debug for project videodemo ****
make all 
Building file: ../src/video_demo.c
Invoking: MicroBlaze gcc compiler
mb-gcc -Wall -O0 -g3 -c -fmessage-length=0 -MT"src/video_demo.o" -IW:/ece532/integration/hdmi.sdk/standalone_bsp_0/microblaze_0/include -mlittle-endian -mxl-barrel-shift -mxl-pattern-compare -mno-xl-soft-div -mcpu=v9.5 -mno-xl-soft-mul -mxl-multiply-high -mhard-float -mxl-float-convert -mxl-float-sqrt -Wl,--no-relax -MMD -MP -MF"src/video_demo.d" -MT"src/video_demo.o" -o "src/video_demo.o" "../src/video_demo.c"
../src/video_demo.c: In function 'DemoRun':
../src/video_demo.c:262:31: error: 'vdma_1' undeclared (first use in this function)
      dma_write_to_memory(i , &vdma_1,
                               ^
../src/video_demo.c:262:31: note: each undeclared identifier is reported only once for each function it appears in
../src/video_demo.c:263:15: error: 'vdmaConfig_2' undeclared (first use in this function)
              &vdmaConfig_2,
               ^
../src/video_demo.c:267:13: error: 'vdmaConfig_1' undeclared (first use in this function)
            &vdmaConfig_1,
             ^
../src/video_demo.c:270:12: warning: passing argument 6 of 'dma_read_from_memory' discards 'volatile' qualifier from pointer target type [-Wdiscarded-qualifiers]
            memptr);
            ^
In file included from ../src/video_demo.c:41:0:
../src/vdma/vdma.h:31:5: note: expected 'u8 * {aka unsigned char *}' but argument is of type 'volatile u8 * {aka volatile unsigned char *}'
 int dma_read_from_memory(int ind, XAxiVdma *vdma,
     ^
../src/video_demo.c:215:6: warning: variable 'locked' set but not used [-Wunused-but-set-variable]
  u32 locked;
      ^
../src/video_demo.c: In function 'DemoChangeRes':
../src/video_demo.c:369:4: warning: implicit declaration of function 'MB_Sleep' [-Wimplicit-function-declaration]
    MB_Sleep(50);
    ^
make: *** [src/video_demo.o] Error 1
13:11:13 **** Auto Build of configuration Debug for project videodemo ****
make all 
Building file: ../src/video_demo.c
Invoking: MicroBlaze gcc compiler
mb-gcc -Wall -O0 -g3 -c -fmessage-length=0 -MT"src/video_demo.o" -IW:/ece532/integration/hdmi.sdk/standalone_bsp_0/microblaze_0/include -mlittle-endian -mxl-barrel-shift -mxl-pattern-compare -mno-xl-soft-div -mcpu=v9.5 -mno-xl-soft-mul -mxl-multiply-high -mhard-float -mxl-float-convert -mxl-float-sqrt -Wl,--no-relax -MMD -MP -MF"src/video_demo.d" -MT"src/video_demo.o" -o "src/video_demo.o" "../src/video_demo.c"
../src/video_demo.c: In function 'DemoRun':
../src/video_demo.c:270:12: warning: passing argument 6 of 'dma_read_from_memory' discards 'volatile' qualifier from pointer target type [-Wdiscarded-qualifiers]
            memptr);
            ^
In file included from ../src/video_demo.c:41:0:
../src/vdma/vdma.h:31:5: note: expected 'u8 * {aka unsigned char *}' but argument is of type 'volatile u8 * {aka volatile unsigned char *}'
 int dma_read_from_memory(int ind, XAxiVdma *vdma,
     ^
../src/video_demo.c:215:6: warning: variable 'locked' set but not used [-Wunused-but-set-variable]
  u32 locked;
      ^
../src/video_demo.c: In function 'DemoChangeRes':
../src/video_demo.c:369:4: warning: implicit declaration of function 'MB_Sleep' [-Wimplicit-function-declaration]
    MB_Sleep(50);
    ^
Finished building: ../src/video_demo.c
 
Building target: videodemo.elf
Invoking: MicroBlaze gcc linker
mb-gcc -Wl,-T -Wl,../src/lscript.ld -LW:/ece532/integration/hdmi.sdk/standalone_bsp_0/microblaze_0/lib -mlittle-endian -mxl-barrel-shift -mxl-pattern-compare -mno-xl-soft-div -mcpu=v9.5 -mno-xl-soft-mul -mxl-multiply-high -mhard-float -mxl-float-convert -mxl-float-sqrt -Wl,--no-relax -o "videodemo.elf"  ./src/video_capture/video_capture.o  ./src/vdma/vdma.o  ./src/timer_ps/timer_ps.o  ./src/intc/intc.o  ./src/dynclk/dynclk.o  ./src/display_ctrl/display_ctrl.o  ./src/video_demo.o   -Wl,--start-group,-lxil,-lgcc,-lc,--end-group
Finished building target: videodemo.elf
 
Invoking: MicroBlaze Print Size
mb-size videodemo.elf  |tee "videodemo.elf.size"
   text	   data	    bss	    dec	    hex	filename
  63762	    680	18670574	18735016	11ddfa8	videodemo.elf
Finished building: videodemo.elf.size
 
13:12:13 **** Auto Build of configuration Debug for project videodemo ****
make all 
Building file: ../src/video_demo.c
Invoking: MicroBlaze gcc compiler
mb-gcc -Wall -O0 -g3 -c -fmessage-length=0 -MT"src/video_demo.o" -IW:/ece532/integration/hdmi.sdk/standalone_bsp_0/microblaze_0/include -mlittle-endian -mxl-barrel-shift -mxl-pattern-compare -mno-xl-soft-div -mcpu=v9.5 -mno-xl-soft-mul -mxl-multiply-high -mhard-float -mxl-float-convert -mxl-float-sqrt -Wl,--no-relax -MMD -MP -MF"src/video_demo.d" -MT"src/video_demo.o" -o "src/video_demo.o" "../src/video_demo.c"
../src/video_demo.c: In function 'DemoRun':
../src/video_demo.c:263:83: warning: passing argument 6 of 'dma_read_from_memory' discards 'volatile' qualifier from pointer target type [-Wdiscarded-qualifiers]
    dma_read_from_memory(i, &vdma2,&vdma2Config_1,&frame_count_config_1,pFrames[0],memptr);
                                                                                   ^
In file included from ../src/video_demo.c:41:0:
../src/vdma/vdma.h:31:5: note: expected 'u8 * {aka unsigned char *}' but argument is of type 'volatile u8 * {aka volatile unsigned char *}'
 int dma_read_from_memory(int ind, XAxiVdma *vdma,
     ^
../src/video_demo.c:215:6: warning: variable 'locked' set but not used [-Wunused-but-set-variable]
  u32 locked;
      ^
../src/video_demo.c: In function 'DemoChangeRes':
../src/video_demo.c:362:4: warning: implicit declaration of function 'MB_Sleep' [-Wimplicit-function-declaration]
    MB_Sleep(50);
    ^
Finished building: ../src/video_demo.c
 
Building target: videodemo.elf
Invoking: MicroBlaze gcc linker
mb-gcc -Wl,-T -Wl,../src/lscript.ld -LW:/ece532/integration/hdmi.sdk/standalone_bsp_0/microblaze_0/lib -mlittle-endian -mxl-barrel-shift -mxl-pattern-compare -mno-xl-soft-div -mcpu=v9.5 -mno-xl-soft-mul -mxl-multiply-high -mhard-float -mxl-float-convert -mxl-float-sqrt -Wl,--no-relax -o "videodemo.elf"  ./src/video_capture/video_capture.o  ./src/vdma/vdma.o  ./src/timer_ps/timer_ps.o  ./src/intc/intc.o  ./src/dynclk/dynclk.o  ./src/display_ctrl/display_ctrl.o  ./src/video_demo.o   -Wl,--start-group,-lxil,-lgcc,-lc,--end-group
Finished building target: videodemo.elf
 
Invoking: MicroBlaze Print Size
mb-size videodemo.elf  |tee "videodemo.elf.size"
   text	   data	    bss	    dec	    hex	filename
  63762	    680	18670574	18735016	11ddfa8	videodemo.elf
Finished building: videodemo.elf.size
 
13:24:59 **** Incremental Build of configuration Debug for project videodemo ****
make all 
make: Nothing to be done for `all'.
13:26:36 **** Auto Build of configuration Debug for project videodemo ****
make all 
Building file: ../src/video_demo.c
Invoking: MicroBlaze gcc compiler
mb-gcc -Wall -O0 -g3 -c -fmessage-length=0 -MT"src/video_demo.o" -IW:/ece532/integration/hdmi.sdk/standalone_bsp_0/microblaze_0/include -mlittle-endian -mxl-barrel-shift -mxl-pattern-compare -mno-xl-soft-div -mcpu=v9.5 -mno-xl-soft-mul -mxl-multiply-high -mhard-float -mxl-float-convert -mxl-float-sqrt -Wl,--no-relax -MMD -MP -MF"src/video_demo.d" -MT"src/video_demo.o" -o "src/video_demo.o" "../src/video_demo.c"
../src/video_demo.c: In function 'DemoRun':
../src/video_demo.c:263:83: warning: passing argument 6 of 'dma_read_from_memory' discards 'volatile' qualifier from pointer target type [-Wdiscarded-qualifiers]
    dma_read_from_memory(i, &vdma2,&vdma2Config_1,&frame_count_config_1,pFrames[0],memptr);
                                                                                   ^
In file included from ../src/video_demo.c:41:0:
../src/vdma/vdma.h:31:5: note: expected 'u8 * {aka unsigned char *}' but argument is of type 'volatile u8 * {aka volatile unsigned char *}'
 int dma_read_from_memory(int ind, XAxiVdma *vdma,
     ^
../src/video_demo.c:215:6: warning: variable 'locked' set but not used [-Wunused-but-set-variable]
  u32 locked;
      ^
../src/video_demo.c: In function 'DemoChangeRes':
../src/video_demo.c:362:4: warning: implicit declaration of function 'MB_Sleep' [-Wimplicit-function-declaration]
    MB_Sleep(50);
    ^
Finished building: ../src/video_demo.c
 
Building target: videodemo.elf
Invoking: MicroBlaze gcc linker
mb-gcc -Wl,-T -Wl,../src/lscript.ld -LW:/ece532/integration/hdmi.sdk/standalone_bsp_0/microblaze_0/lib -mlittle-endian -mxl-barrel-shift -mxl-pattern-compare -mno-xl-soft-div -mcpu=v9.5 -mno-xl-soft-mul -mxl-multiply-high -mhard-float -mxl-float-convert -mxl-float-sqrt -Wl,--no-relax -o "videodemo.elf"  ./src/video_capture/video_capture.o  ./src/vdma/vdma.o  ./src/timer_ps/timer_ps.o  ./src/intc/intc.o  ./src/dynclk/dynclk.o  ./src/display_ctrl/display_ctrl.o  ./src/video_demo.o   -Wl,--start-group,-lxil,-lgcc,-lc,--end-group
Finished building target: videodemo.elf
 
Invoking: MicroBlaze Print Size
mb-size videodemo.elf  |tee "videodemo.elf.size"
   text	   data	    bss	    dec	    hex	filename
  63762	    680	18670574	18735016	11ddfa8	videodemo.elf
Finished building: videodemo.elf.size
 
13:26:43 **** Auto Build of configuration Debug for project videodemo ****
make all 
Building file: ../src/video_demo.c
Invoking: MicroBlaze gcc compiler
mb-gcc -Wall -O0 -g3 -c -fmessage-length=0 -MT"src/video_demo.o" -IW:/ece532/integration/hdmi.sdk/standalone_bsp_0/microblaze_0/include -mlittle-endian -mxl-barrel-shift -mxl-pattern-compare -mno-xl-soft-div -mcpu=v9.5 -mno-xl-soft-mul -mxl-multiply-high -mhard-float -mxl-float-convert -mxl-float-sqrt -Wl,--no-relax -MMD -MP -MF"src/video_demo.d" -MT"src/video_demo.o" -o "src/video_demo.o" "../src/video_demo.c"
../src/video_demo.c: In function 'DemoRun':
../src/video_demo.c:263:83: warning: passing argument 6 of 'dma_read_from_memory' discards 'volatile' qualifier from pointer target type [-Wdiscarded-qualifiers]
    dma_read_from_memory(i, &vdma2,&vdma2Config_1,&frame_count_config_1,pFrames[0],memptr);
                                                                                   ^
In file included from ../src/video_demo.c:41:0:
../src/vdma/vdma.h:31:5: note: expected 'u8 * {aka unsigned char *}' but argument is of type 'volatile u8 * {aka volatile unsigned char *}'
 int dma_read_from_memory(int ind, XAxiVdma *vdma,
     ^
../src/video_demo.c:215:6: warning: variable 'locked' set but not used [-Wunused-but-set-variable]
  u32 locked;
      ^
../src/video_demo.c: In function 'DemoChangeRes':
../src/video_demo.c:362:4: warning: implicit declaration of function 'MB_Sleep' [-Wimplicit-function-declaration]
    MB_Sleep(50);
    ^
Finished building: ../src/video_demo.c
 
Building target: videodemo.elf
Invoking: MicroBlaze gcc linker
mb-gcc -Wl,-T -Wl,../src/lscript.ld -LW:/ece532/integration/hdmi.sdk/standalone_bsp_0/microblaze_0/lib -mlittle-endian -mxl-barrel-shift -mxl-pattern-compare -mno-xl-soft-div -mcpu=v9.5 -mno-xl-soft-mul -mxl-multiply-high -mhard-float -mxl-float-convert -mxl-float-sqrt -Wl,--no-relax -o "videodemo.elf"  ./src/video_capture/video_capture.o  ./src/vdma/vdma.o  ./src/timer_ps/timer_ps.o  ./src/intc/intc.o  ./src/dynclk/dynclk.o  ./src/display_ctrl/display_ctrl.o  ./src/video_demo.o   -Wl,--start-group,-lxil,-lgcc,-lc,--end-group
Finished building target: videodemo.elf
 
Invoking: MicroBlaze Print Size
mb-size videodemo.elf  |tee "videodemo.elf.size"
   text	   data	    bss	    dec	    hex	filename
  63762	    680	18670574	18735016	11ddfa8	videodemo.elf
Finished building: videodemo.elf.size
 
13:34:54 **** Auto Build of configuration Debug for project videodemo ****
make all 
Building file: ../src/vdma/vdma.c
Invoking: MicroBlaze gcc compiler
mb-gcc -Wall -O0 -g3 -c -fmessage-length=0 -MT"src/vdma/vdma.o" -IW:/ece532/integration/hdmi.sdk/standalone_bsp_0/microblaze_0/include -mlittle-endian -mxl-barrel-shift -mxl-pattern-compare -mno-xl-soft-div -mcpu=v9.5 -mno-xl-soft-mul -mxl-multiply-high -mhard-float -mxl-float-convert -mxl-float-sqrt -Wl,--no-relax -MMD -MP -MF"src/vdma/vdma.d" -MT"src/vdma/vdma.o" -o "src/vdma/vdma.o" "../src/vdma/vdma.c"
In file included from W:/ece532/integration/hdmi.sdk/standalone_bsp_0/microblaze_0/include/xaxivdma.h:307:0,
                 from ../src/vdma/vdma.h:16,
                 from ../src/vdma/vdma.c:11:
../src/vdma/vdma.c: In function 'read_config':
W:/ece532/integration/hdmi.sdk/standalone_bsp_0/microblaze_0/include/xstatus.h:60:41: warning: 'return' with a value, in function returning void
 #define XST_FAILURE                     1L
                                         ^
../src/vdma/vdma.c:60:11: note: in expansion of macro 'XST_FAILURE'
    return XST_FAILURE;
           ^
../src/vdma/vdma.c: In function 'dma_read_from_memory':
../src/vdma/vdma.c:70:6: warning: unused variable 'i' [-Wunused-variable]
  int i;
      ^
In file included from W:/ece532/integration/hdmi.sdk/standalone_bsp_0/microblaze_0/include/xaxivdma.h:307:0,
                 from ../src/vdma/vdma.h:16,
                 from ../src/vdma/vdma.c:11:
../src/vdma/vdma.c: In function 'write_config':
W:/ece532/integration/hdmi.sdk/standalone_bsp_0/microblaze_0/include/xstatus.h:60:41: warning: 'return' with a value, in function returning void
 #define XST_FAILURE                     1L
                                         ^
../src/vdma/vdma.c:175:10: note: in expansion of macro 'XST_FAILURE'
   return XST_FAILURE;
          ^
../src/vdma/vdma.c: In function 'dma_write_to_memory':
../src/vdma/vdma.c:185:6: warning: unused variable 'i' [-Wunused-variable]
  int i;
      ^
../src/vdma/vdma.c: In function 'reset_dma_write':
../src/vdma/vdma.c:326:1: warning: control reaches end of non-void function [-Wreturn-type]
 }
 ^
../src/vdma/vdma.c: In function 'reset_dma_read':
../src/vdma/vdma.c:330:1: warning: control reaches end of non-void function [-Wreturn-type]
 }
 ^
Finished building: ../src/vdma/vdma.c
 
Building target: videodemo.elf
Invoking: MicroBlaze gcc linker
mb-gcc -Wl,-T -Wl,../src/lscript.ld -LW:/ece532/integration/hdmi.sdk/standalone_bsp_0/microblaze_0/lib -mlittle-endian -mxl-barrel-shift -mxl-pattern-compare -mno-xl-soft-div -mcpu=v9.5 -mno-xl-soft-mul -mxl-multiply-high -mhard-float -mxl-float-convert -mxl-float-sqrt -Wl,--no-relax -o "videodemo.elf"  ./src/video_capture/video_capture.o  ./src/vdma/vdma.o  ./src/timer_ps/timer_ps.o  ./src/intc/intc.o  ./src/dynclk/dynclk.o  ./src/display_ctrl/display_ctrl.o  ./src/video_demo.o   -Wl,--start-group,-lxil,-lgcc,-lc,--end-group
Finished building target: videodemo.elf
 
Invoking: MicroBlaze Print Size
mb-size videodemo.elf  |tee "videodemo.elf.size"
   text	   data	    bss	    dec	    hex	filename
  63762	    680	18670574	18735016	11ddfa8	videodemo.elf
Finished building: videodemo.elf.size
 
13:35:56 **** Auto Build of configuration Debug for project videodemo ****
make all 
Building file: ../src/video_demo.c
Invoking: MicroBlaze gcc compiler
mb-gcc -Wall -O0 -g3 -c -fmessage-length=0 -MT"src/video_demo.o" -IW:/ece532/integration/hdmi.sdk/standalone_bsp_0/microblaze_0/include -mlittle-endian -mxl-barrel-shift -mxl-pattern-compare -mno-xl-soft-div -mcpu=v9.5 -mno-xl-soft-mul -mxl-multiply-high -mhard-float -mxl-float-convert -mxl-float-sqrt -Wl,--no-relax -MMD -MP -MF"src/video_demo.d" -MT"src/video_demo.o" -o "src/video_demo.o" "../src/video_demo.c"
../src/video_demo.c: In function 'DemoRun':
../src/video_demo.c:262:83: warning: passing argument 6 of 'dma_read_from_memory' discards 'volatile' qualifier from pointer target type [-Wdiscarded-qualifiers]
    dma_read_from_memory(i, &vdma2,&vdma2Config_1,&frame_count_config_1,pFrames[0],memptr);
                                                                                   ^
In file included from ../src/video_demo.c:41:0:
../src/vdma/vdma.h:31:5: note: expected 'u8 * {aka unsigned char *}' but argument is of type 'volatile u8 * {aka volatile unsigned char *}'
 int dma_read_from_memory(int ind, XAxiVdma *vdma,
     ^
../src/video_demo.c:268:19: error: 'vdma_1' undeclared (first use in this function)
   Stop_Dma_write(&vdma_1);
                   ^
../src/video_demo.c:268:19: note: each undeclared identifier is reported only once for each function it appears in
../src/video_demo.c:215:6: warning: variable 'locked' set but not used [-Wunused-but-set-variable]
  u32 locked;
      ^
../src/video_demo.c: In function 'DemoChangeRes':
../src/video_demo.c:367:4: warning: implicit declaration of function 'MB_Sleep' [-Wimplicit-function-declaration]
    MB_Sleep(50);
    ^
make: *** [src/video_demo.o] Error 1
13:36:12 **** Auto Build of configuration Debug for project videodemo ****
make all 
Building file: ../src/video_demo.c
Invoking: MicroBlaze gcc compiler
mb-gcc -Wall -O0 -g3 -c -fmessage-length=0 -MT"src/video_demo.o" -IW:/ece532/integration/hdmi.sdk/standalone_bsp_0/microblaze_0/include -mlittle-endian -mxl-barrel-shift -mxl-pattern-compare -mno-xl-soft-div -mcpu=v9.5 -mno-xl-soft-mul -mxl-multiply-high -mhard-float -mxl-float-convert -mxl-float-sqrt -Wl,--no-relax -MMD -MP -MF"src/video_demo.d" -MT"src/video_demo.o" -o "src/video_demo.o" "../src/video_demo.c"
../src/video_demo.c: In function 'DemoRun':
../src/video_demo.c:262:83: warning: passing argument 6 of 'dma_read_from_memory' discards 'volatile' qualifier from pointer target type [-Wdiscarded-qualifiers]
    dma_read_from_memory(i, &vdma2,&vdma2Config_1,&frame_count_config_1,pFrames[0],memptr);
                                                                                   ^
In file included from ../src/video_demo.c:41:0:
../src/vdma/vdma.h:31:5: note: expected 'u8 * {aka unsigned char *}' but argument is of type 'volatile u8 * {aka volatile unsigned char *}'
 int dma_read_from_memory(int ind, XAxiVdma *vdma,
     ^
../src/video_demo.c:215:6: warning: variable 'locked' set but not used [-Wunused-but-set-variable]
  u32 locked;
      ^
../src/video_demo.c: In function 'DemoChangeRes':
../src/video_demo.c:367:4: warning: implicit declaration of function 'MB_Sleep' [-Wimplicit-function-declaration]
    MB_Sleep(50);
    ^
Finished building: ../src/video_demo.c
 
Building target: videodemo.elf
Invoking: MicroBlaze gcc linker
mb-gcc -Wl,-T -Wl,../src/lscript.ld -LW:/ece532/integration/hdmi.sdk/standalone_bsp_0/microblaze_0/lib -mlittle-endian -mxl-barrel-shift -mxl-pattern-compare -mno-xl-soft-div -mcpu=v9.5 -mno-xl-soft-mul -mxl-multiply-high -mhard-float -mxl-float-convert -mxl-float-sqrt -Wl,--no-relax -o "videodemo.elf"  ./src/video_capture/video_capture.o  ./src/vdma/vdma.o  ./src/timer_ps/timer_ps.o  ./src/intc/intc.o  ./src/dynclk/dynclk.o  ./src/display_ctrl/display_ctrl.o  ./src/video_demo.o   -Wl,--start-group,-lxil,-lgcc,-lc,--end-group
Finished building target: videodemo.elf
 
Invoking: MicroBlaze Print Size
mb-size videodemo.elf  |tee "videodemo.elf.size"
   text	   data	    bss	    dec	    hex	filename
  63802	    680	18670574	18735056	11ddfd0	videodemo.elf
Finished building: videodemo.elf.size
 
13:36:27 **** Incremental Build of configuration Debug for project videodemo ****
make all 
make: Nothing to be done for `all'.
13:54:54 **** Auto Build of configuration Debug for project videodemo ****
make all 
Building file: ../src/video_demo.c
Invoking: MicroBlaze gcc compiler
mb-gcc -Wall -O0 -g3 -c -fmessage-length=0 -MT"src/video_demo.o" -IW:/ece532/integration/hdmi.sdk/standalone_bsp_0/microblaze_0/include -mlittle-endian -mxl-barrel-shift -mxl-pattern-compare -mno-xl-soft-div -mcpu=v9.5 -mno-xl-soft-mul -mxl-multiply-high -mhard-float -mxl-float-convert -mxl-float-sqrt -Wl,--no-relax -MMD -MP -MF"src/video_demo.d" -MT"src/video_demo.o" -o "src/video_demo.o" "../src/video_demo.c"
../src/video_demo.c: In function 'DemoRun':
../src/video_demo.c:257:83: warning: passing argument 6 of 'dma_read_from_memory' discards 'volatile' qualifier from pointer target type [-Wdiscarded-qualifiers]
    dma_read_from_memory(i, &vdma2,&vdma2Config_1,&frame_count_config_1,pFrames[0],memptr);
                                                                                   ^
In file included from ../src/video_demo.c:41:0:
../src/vdma/vdma.h:31:5: note: expected 'u8 * {aka unsigned char *}' but argument is of type 'volatile u8 * {aka volatile unsigned char *}'
 int dma_read_from_memory(int ind, XAxiVdma *vdma,
     ^
../src/video_demo.c:215:6: warning: variable 'locked' set but not used [-Wunused-but-set-variable]
  u32 locked;
      ^
../src/video_demo.c: In function 'DemoChangeRes':
../src/video_demo.c:362:4: warning: implicit declaration of function 'MB_Sleep' [-Wimplicit-function-declaration]
    MB_Sleep(50);
    ^
Finished building: ../src/video_demo.c
 
Building target: videodemo.elf
Invoking: MicroBlaze gcc linker
mb-gcc -Wl,-T -Wl,../src/lscript.ld -LW:/ece532/integration/hdmi.sdk/standalone_bsp_0/microblaze_0/lib -mlittle-endian -mxl-barrel-shift -mxl-pattern-compare -mno-xl-soft-div -mcpu=v9.5 -mno-xl-soft-mul -mxl-multiply-high -mhard-float -mxl-float-convert -mxl-float-sqrt -Wl,--no-relax -o "videodemo.elf"  ./src/video_capture/video_capture.o  ./src/vdma/vdma.o  ./src/timer_ps/timer_ps.o  ./src/intc/intc.o  ./src/dynclk/dynclk.o  ./src/display_ctrl/display_ctrl.o  ./src/video_demo.o   -Wl,--start-group,-lxil,-lgcc,-lc,--end-group
Finished building target: videodemo.elf
 
Invoking: MicroBlaze Print Size
mb-size videodemo.elf  |tee "videodemo.elf.size"
   text	   data	    bss	    dec	    hex	filename
  63762	    680	18670574	18735016	11ddfa8	videodemo.elf
Finished building: videodemo.elf.size
 
13:56:38 **** Incremental Build of configuration Debug for project videodemo ****
make all 
make: Nothing to be done for `all'.
14:02:05 **** Auto Build of configuration Debug for project videodemo ****
make all 
Building file: ../src/video_demo.c
Invoking: MicroBlaze gcc compiler
mb-gcc -Wall -O0 -g3 -c -fmessage-length=0 -MT"src/video_demo.o" -IW:/ece532/integration/hdmi.sdk/standalone_bsp_0/microblaze_0/include -mlittle-endian -mxl-barrel-shift -mxl-pattern-compare -mno-xl-soft-div -mcpu=v9.5 -mno-xl-soft-mul -mxl-multiply-high -mhard-float -mxl-float-convert -mxl-float-sqrt -Wl,--no-relax -MMD -MP -MF"src/video_demo.d" -MT"src/video_demo.o" -o "src/video_demo.o" "../src/video_demo.c"
../src/video_demo.c: In function 'DemoRun':
../src/video_demo.c:257:83: warning: passing argument 6 of 'dma_read_from_memory' discards 'volatile' qualifier from pointer target type [-Wdiscarded-qualifiers]
    dma_read_from_memory(i, &vdma2,&vdma2Config_1,&frame_count_config_1,pFrames[0],memptr);
                                                                                   ^
In file included from ../src/video_demo.c:41:0:
../src/vdma/vdma.h:31:5: note: expected 'u8 * {aka unsigned char *}' but argument is of type 'volatile u8 * {aka volatile unsigned char *}'
 int dma_read_from_memory(int ind, XAxiVdma *vdma,
     ^
../src/video_demo.c:215:6: warning: variable 'locked' set but not used [-Wunused-but-set-variable]
  u32 locked;
      ^
../src/video_demo.c: In function 'DemoChangeRes':
../src/video_demo.c:362:4: warning: implicit declaration of function 'MB_Sleep' [-Wimplicit-function-declaration]
    MB_Sleep(50);
    ^
../src/video_demo.c: In function 'DemoRun':
../src/video_demo.c:256:4: warning: 'i' may be used uninitialized in this function [-Wmaybe-uninitialized]
    dma_write_to_memory(i , &vdma2,&vdma2Config_2,&frame_count_config_2,pFrames[2]);
    ^
Finished building: ../src/video_demo.c
 
Building target: videodemo.elf
Invoking: MicroBlaze gcc linker
mb-gcc -Wl,-T -Wl,../src/lscript.ld -LW:/ece532/integration/hdmi.sdk/standalone_bsp_0/microblaze_0/lib -mlittle-endian -mxl-barrel-shift -mxl-pattern-compare -mno-xl-soft-div -mcpu=v9.5 -mno-xl-soft-mul -mxl-multiply-high -mhard-float -mxl-float-convert -mxl-float-sqrt -Wl,--no-relax -o "videodemo.elf"  ./src/video_capture/video_capture.o  ./src/vdma/vdma.o  ./src/timer_ps/timer_ps.o  ./src/intc/intc.o  ./src/dynclk/dynclk.o  ./src/display_ctrl/display_ctrl.o  ./src/video_demo.o   -Wl,--start-group,-lxil,-lgcc,-lc,--end-group
Finished building target: videodemo.elf
 
Invoking: MicroBlaze Print Size
mb-size videodemo.elf  |tee "videodemo.elf.size"
   text	   data	    bss	    dec	    hex	filename
  63686	    680	18670568	18734934	11ddf56	videodemo.elf
Finished building: videodemo.elf.size
 
14:57:58 **** Incremental Build of configuration Debug for project videodemo ****
make all 
make: Nothing to be done for `all'.
15:09:03 **** Auto Build of configuration Debug for project videodemo ****
make all 
Building file: ../src/video_demo.c
Invoking: MicroBlaze gcc compiler
mb-gcc -Wall -O0 -g3 -c -fmessage-length=0 -MT"src/video_demo.o" -IW:/ece532/integration/hdmi.sdk/standalone_bsp_0/microblaze_0/include -mlittle-endian -mxl-barrel-shift -mxl-pattern-compare -mno-xl-soft-div -mcpu=v9.5 -mno-xl-soft-mul -mxl-multiply-high -mhard-float -mxl-float-convert -mxl-float-sqrt -Wl,--no-relax -MMD -MP -MF"src/video_demo.d" -MT"src/video_demo.o" -o "src/video_demo.o" "../src/video_demo.c"
../src/video_demo.c: In function 'DemoRun':
../src/video_demo.c:257:83: warning: passing argument 6 of 'dma_read_from_memory' discards 'volatile' qualifier from pointer target type [-Wdiscarded-qualifiers]
    dma_read_from_memory(i, &vdma2,&vdma2Config_1,&frame_count_config_1,pFrames[0],memptr);
                                                                                   ^
In file included from ../src/video_demo.c:41:0:
../src/vdma/vdma.h:31:5: note: expected 'u8 * {aka unsigned char *}' but argument is of type 'volatile u8 * {aka volatile unsigned char *}'
 int dma_read_from_memory(int ind, XAxiVdma *vdma,
     ^
../src/video_demo.c:215:6: warning: variable 'locked' set but not used [-Wunused-but-set-variable]
  u32 locked;
      ^
../src/video_demo.c: In function 'DemoChangeRes':
../src/video_demo.c:362:4: warning: implicit declaration of function 'MB_Sleep' [-Wimplicit-function-declaration]
    MB_Sleep(50);
    ^
../src/video_demo.c: In function 'DemoRun':
../src/video_demo.c:256:4: warning: 'i' may be used uninitialized in this function [-Wmaybe-uninitialized]
    dma_write_to_memory(i , &vdma2,&vdma2Config_2,&frame_count_config_2,pFrames[2]);
    ^
Finished building: ../src/video_demo.c
 
Building target: videodemo.elf
Invoking: MicroBlaze gcc linker
mb-gcc -Wl,-T -Wl,../src/lscript.ld -LW:/ece532/integration/hdmi.sdk/standalone_bsp_0/microblaze_0/lib -mlittle-endian -mxl-barrel-shift -mxl-pattern-compare -mno-xl-soft-div -mcpu=v9.5 -mno-xl-soft-mul -mxl-multiply-high -mhard-float -mxl-float-convert -mxl-float-sqrt -Wl,--no-relax -o "videodemo.elf"  ./src/video_capture/video_capture.o  ./src/vdma/vdma.o  ./src/timer_ps/timer_ps.o  ./src/intc/intc.o  ./src/dynclk/dynclk.o  ./src/display_ctrl/display_ctrl.o  ./src/video_demo.o   -Wl,--start-group,-lxil,-lgcc,-lc,--end-group
Finished building target: videodemo.elf
 
Invoking: MicroBlaze Print Size
mb-size videodemo.elf  |tee "videodemo.elf.size"
   text	   data	    bss	    dec	    hex	filename
  63710	    680	18670568	18734958	11ddf6e	videodemo.elf
Finished building: videodemo.elf.size
 
15:10:13 **** Incremental Build of configuration Debug for project videodemo ****
make all 
make: Nothing to be done for `all'.
15:12:54 **** Auto Build of configuration Debug for project videodemo ****
make all 
Building file: ../src/video_demo.c
Invoking: MicroBlaze gcc compiler
mb-gcc -Wall -O0 -g3 -c -fmessage-length=0 -MT"src/video_demo.o" -IW:/ece532/integration/hdmi.sdk/standalone_bsp_0/microblaze_0/include -mlittle-endian -mxl-barrel-shift -mxl-pattern-compare -mno-xl-soft-div -mcpu=v9.5 -mno-xl-soft-mul -mxl-multiply-high -mhard-float -mxl-float-convert -mxl-float-sqrt -Wl,--no-relax -MMD -MP -MF"src/video_demo.d" -MT"src/video_demo.o" -o "src/video_demo.o" "../src/video_demo.c"
../src/video_demo.c: In function 'DemoRun':
../src/video_demo.c:257:83: warning: passing argument 6 of 'dma_read_from_memory' discards 'volatile' qualifier from pointer target type [-Wdiscarded-qualifiers]
    dma_read_from_memory(i, &vdma2,&vdma2Config_1,&frame_count_config_1,pFrames[0],memptr);
                                                                                   ^
In file included from ../src/video_demo.c:41:0:
../src/vdma/vdma.h:31:5: note: expected 'u8 * {aka unsigned char *}' but argument is of type 'volatile u8 * {aka volatile unsigned char *}'
 int dma_read_from_memory(int ind, XAxiVdma *vdma,
     ^
../src/video_demo.c:215:6: warning: variable 'locked' set but not used [-Wunused-but-set-variable]
  u32 locked;
      ^
../src/video_demo.c: In function 'DemoChangeRes':
../src/video_demo.c:362:4: warning: implicit declaration of function 'MB_Sleep' [-Wimplicit-function-declaration]
    MB_Sleep(50);
    ^
../src/video_demo.c: In function 'DemoRun':
../src/video_demo.c:256:4: warning: 'i' may be used uninitialized in this function [-Wmaybe-uninitialized]
    dma_write_to_memory(i , &vdma2,&vdma2Config_2,&frame_count_config_2,pFrames[2]);
    ^
Finished building: ../src/video_demo.c
 
Building target: videodemo.elf
Invoking: MicroBlaze gcc linker
mb-gcc -Wl,-T -Wl,../src/lscript.ld -LW:/ece532/integration/hdmi.sdk/standalone_bsp_0/microblaze_0/lib -mlittle-endian -mxl-barrel-shift -mxl-pattern-compare -mno-xl-soft-div -mcpu=v9.5 -mno-xl-soft-mul -mxl-multiply-high -mhard-float -mxl-float-convert -mxl-float-sqrt -Wl,--no-relax -o "videodemo.elf"  ./src/video_capture/video_capture.o  ./src/vdma/vdma.o  ./src/timer_ps/timer_ps.o  ./src/intc/intc.o  ./src/dynclk/dynclk.o  ./src/display_ctrl/display_ctrl.o  ./src/video_demo.o   -Wl,--start-group,-lxil,-lgcc,-lc,--end-group
Finished building target: videodemo.elf
 
Invoking: MicroBlaze Print Size
mb-size videodemo.elf  |tee "videodemo.elf.size"
   text	   data	    bss	    dec	    hex	filename
  63710	    680	18670568	18734958	11ddf6e	videodemo.elf
Finished building: videodemo.elf.size
 
15:13:26 **** Incremental Build of configuration Debug for project videodemo ****
make all 
make: Nothing to be done for `all'.
16:42:57 **** Auto Build of configuration Debug for project videodemo ****
make all 
Building file: ../src/video_demo.c
Invoking: MicroBlaze gcc compiler
mb-gcc -Wall -O0 -g3 -c -fmessage-length=0 -MT"src/video_demo.o" -IW:/ece532/integration/hdmi.sdk/standalone_bsp_0/microblaze_0/include -mlittle-endian -mxl-barrel-shift -mxl-pattern-compare -mno-xl-soft-div -mcpu=v9.5 -mno-xl-soft-mul -mxl-multiply-high -mhard-float -mxl-float-convert -mxl-float-sqrt -Wl,--no-relax -MMD -MP -MF"src/video_demo.d" -MT"src/video_demo.o" -o "src/video_demo.o" "../src/video_demo.c"
../src/video_demo.c: In function 'DemoRun':
../src/video_demo.c:257:83: warning: passing argument 6 of 'dma_read_from_memory' discards 'volatile' qualifier from pointer target type [-Wdiscarded-qualifiers]
    dma_read_from_memory(i, &vdma2,&vdma2Config_1,&frame_count_config_1,pFrames[0],memptr);
                                                                                   ^
In file included from ../src/video_demo.c:41:0:
../src/vdma/vdma.h:31:5: note: expected 'u8 * {aka unsigned char *}' but argument is of type 'volatile u8 * {aka volatile unsigned char *}'
 int dma_read_from_memory(int ind, XAxiVdma *vdma,
     ^
../src/video_demo.c:215:6: warning: variable 'locked' set but not used [-Wunused-but-set-variable]
  u32 locked;
      ^
../src/video_demo.c: In function 'DemoChangeRes':
../src/video_demo.c:362:4: warning: implicit declaration of function 'MB_Sleep' [-Wimplicit-function-declaration]
    MB_Sleep(50);
    ^
../src/video_demo.c: In function 'DemoRun':
../src/video_demo.c:257:4: warning: 'i' may be used uninitialized in this function [-Wmaybe-uninitialized]
    dma_read_from_memory(i, &vdma2,&vdma2Config_1,&frame_count_config_1,pFrames[0],memptr);
    ^
Finished building: ../src/video_demo.c
 
Building target: videodemo.elf
Invoking: MicroBlaze gcc linker
mb-gcc -Wl,-T -Wl,../src/lscript.ld -LW:/ece532/integration/hdmi.sdk/standalone_bsp_0/microblaze_0/lib -mlittle-endian -mxl-barrel-shift -mxl-pattern-compare -mno-xl-soft-div -mcpu=v9.5 -mno-xl-soft-mul -mxl-multiply-high -mhard-float -mxl-float-convert -mxl-float-sqrt -Wl,--no-relax -o "videodemo.elf"  ./src/video_capture/video_capture.o  ./src/vdma/vdma.o  ./src/timer_ps/timer_ps.o  ./src/intc/intc.o  ./src/dynclk/dynclk.o  ./src/display_ctrl/display_ctrl.o  ./src/video_demo.o   -Wl,--start-group,-lxil,-lgcc,-lc,--end-group
Finished building target: videodemo.elf
 
Invoking: MicroBlaze Print Size
mb-size videodemo.elf  |tee "videodemo.elf.size"
   text	   data	    bss	    dec	    hex	filename
  63658	    680	18670574	18734912	11ddf40	videodemo.elf
Finished building: videodemo.elf.size
 
15:35:11 **** Auto Build of configuration Debug for project videodemo ****
make all 
Building file: ../src/vdma/vdma.c
Invoking: MicroBlaze gcc compiler
mb-gcc -Wall -O0 -g3 -c -fmessage-length=0 -MT"src/vdma/vdma.o" -IW:/ece532/integration/hdmi.sdk/standalone_bsp_0/microblaze_0/include -mlittle-endian -mxl-barrel-shift -mxl-pattern-compare -mno-xl-soft-div -mcpu=v9.5 -mno-xl-soft-mul -mxl-multiply-high -mhard-float -mxl-float-convert -mxl-float-sqrt -Wl,--no-relax -MMD -MP -MF"src/vdma/vdma.d" -MT"src/vdma/vdma.o" -o "src/vdma/vdma.o" "../src/vdma/vdma.c"
In file included from W:/ece532/integration/hdmi.sdk/standalone_bsp_0/microblaze_0/include/xaxivdma.h:307:0,
                 from ../src/vdma/vdma.h:16,
                 from ../src/vdma/vdma.c:11:
../src/vdma/vdma.c: In function 'read_config':
W:/ece532/integration/hdmi.sdk/standalone_bsp_0/microblaze_0/include/xstatus.h:60:41: warning: 'return' with a value, in function returning void
 #define XST_FAILURE                     1L
                                         ^
../src/vdma/vdma.c:60:11: note: in expansion of macro 'XST_FAILURE'
    return XST_FAILURE;
           ^
../src/vdma/vdma.c: At top level:
../src/vdma/vdma.c:67:5: error: conflicting types for 'dma_read_from_memory'
 int dma_read_from_memory(int ind, XAxiVdma *vdma, XAxiVdma_DmaSetup *vdmaConfig, XAxiVdma_FrameCounter *frame_count_config, u8 *Frame_1, u8 *Frame_2)
     ^
In file included from ../src/vdma/vdma.c:11:0:
../src/vdma/vdma.h:31:5: note: previous declaration of 'dma_read_from_memory' was here
 int dma_read_from_memory(int ind, XAxiVdma *vdma,
     ^
../src/vdma/vdma.c: In function 'dma_read_from_memory':
../src/vdma/vdma.c:70:6: warning: unused variable 'i' [-Wunused-variable]
  int i;
      ^
In file included from W:/ece532/integration/hdmi.sdk/standalone_bsp_0/microblaze_0/include/xaxivdma.h:307:0,
                 from ../src/vdma/vdma.h:16,
                 from ../src/vdma/vdma.c:11:
../src/vdma/vdma.c: In function 'write_config':
W:/ece532/integration/hdmi.sdk/standalone_bsp_0/microblaze_0/include/xstatus.h:60:41: warning: 'return' with a value, in function returning void
 #define XST_FAILURE                     1L
                                         ^
../src/vdma/vdma.c:175:10: note: in expansion of macro 'XST_FAILURE'
   return XST_FAILURE;
          ^
../src/vdma/vdma.c: In function 'dma_write_to_memory':
../src/vdma/vdma.c:185:6: warning: unused variable 'i' [-Wunused-variable]
  int i;
      ^
../src/vdma/vdma.c: In function 'reset_dma_write':
../src/vdma/vdma.c:326:1: warning: control reaches end of non-void function [-Wreturn-type]
 }
 ^
../src/vdma/vdma.c: In function 'reset_dma_read':
../src/vdma/vdma.c:330:1: warning: control reaches end of non-void function [-Wreturn-type]
 }
 ^
make: *** [src/vdma/vdma.o] Error 1
15:35:14 **** Auto Build of configuration Debug for project videodemo ****
make all 
Building file: ../src/vdma/vdma.c
Invoking: MicroBlaze gcc compiler
mb-gcc -Wall -O0 -g3 -c -fmessage-length=0 -MT"src/vdma/vdma.o" -IW:/ece532/integration/hdmi.sdk/standalone_bsp_0/microblaze_0/include -mlittle-endian -mxl-barrel-shift -mxl-pattern-compare -mno-xl-soft-div -mcpu=v9.5 -mno-xl-soft-mul -mxl-multiply-high -mhard-float -mxl-float-convert -mxl-float-sqrt -Wl,--no-relax -MMD -MP -MF"src/vdma/vdma.d" -MT"src/vdma/vdma.o" -o "src/vdma/vdma.o" "../src/vdma/vdma.c"
In file included from W:/ece532/integration/hdmi.sdk/standalone_bsp_0/microblaze_0/include/xaxivdma.h:307:0,
                 from ../src/vdma/vdma.h:16,
                 from ../src/vdma/vdma.c:11:
../src/vdma/vdma.c: In function 'read_config':
W:/ece532/integration/hdmi.sdk/standalone_bsp_0/microblaze_0/include/xstatus.h:60:41: warning: 'return' with a value, in function returning void
 #define XST_FAILURE                     1L
                                         ^
../src/vdma/vdma.c:60:11: note: in expansion of macro 'XST_FAILURE'
    return XST_FAILURE;
           ^
../src/vdma/vdma.c: In function 'dma_read_from_memory':
../src/vdma/vdma.c:70:6: warning: unused variable 'i' [-Wunused-variable]
  int i;
      ^
In file included from W:/ece532/integration/hdmi.sdk/standalone_bsp_0/microblaze_0/include/xaxivdma.h:307:0,
                 from ../src/vdma/vdma.h:16,
                 from ../src/vdma/vdma.c:11:
../src/vdma/vdma.c: In function 'write_config':
W:/ece532/integration/hdmi.sdk/standalone_bsp_0/microblaze_0/include/xstatus.h:60:41: warning: 'return' with a value, in function returning void
 #define XST_FAILURE                     1L
                                         ^
../src/vdma/vdma.c:175:10: note: in expansion of macro 'XST_FAILURE'
   return XST_FAILURE;
          ^
../src/vdma/vdma.c: In function 'dma_write_to_memory':
../src/vdma/vdma.c:185:6: warning: unused variable 'i' [-Wunused-variable]
  int i;
      ^
../src/vdma/vdma.c: In function 'reset_dma_write':
../src/vdma/vdma.c:326:1: warning: control reaches end of non-void function [-Wreturn-type]
 }
 ^
../src/vdma/vdma.c: In function 'reset_dma_read':
../src/vdma/vdma.c:330:1: warning: control reaches end of non-void function [-Wreturn-type]
 }
 ^
Finished building: ../src/vdma/vdma.c
 
Building file: ../src/video_demo.c
Invoking: MicroBlaze gcc compiler
mb-gcc -Wall -O0 -g3 -c -fmessage-length=0 -MT"src/video_demo.o" -IW:/ece532/integration/hdmi.sdk/standalone_bsp_0/microblaze_0/include -mlittle-endian -mxl-barrel-shift -mxl-pattern-compare -mno-xl-soft-div -mcpu=v9.5 -mno-xl-soft-mul -mxl-multiply-high -mhard-float -mxl-float-convert -mxl-float-sqrt -Wl,--no-relax -MMD -MP -MF"src/video_demo.d" -MT"src/video_demo.o" -o "src/video_demo.o" "../src/video_demo.c"
../src/video_demo.c: In function 'DemoRun':
../src/video_demo.c:257:4: error: too many arguments to function 'dma_read_from_memory'
    dma_read_from_memory(i, &vdma2,&vdma2Config_1,&frame_count_config_1,pFrames[0],memptr);
    ^
In file included from ../src/video_demo.c:41:0:
../src/vdma/vdma.h:31:5: note: declared here
 int dma_read_from_memory(int ind, XAxiVdma *vdma,
     ^
../src/video_demo.c:215:6: warning: variable 'locked' set but not used [-Wunused-but-set-variable]
  u32 locked;
      ^
../src/video_demo.c: In function 'DemoChangeRes':
../src/video_demo.c:362:4: warning: implicit declaration of function 'MB_Sleep' [-Wimplicit-function-declaration]
    MB_Sleep(50);
    ^
make: *** [src/video_demo.o] Error 1
15:35:18 **** Auto Build of configuration Debug for project videodemo ****
make all 
Building file: ../src/video_demo.c
Invoking: MicroBlaze gcc compiler
mb-gcc -Wall -O0 -g3 -c -fmessage-length=0 -MT"src/video_demo.o" -IW:/ece532/integration/hdmi.sdk/standalone_bsp_0/microblaze_0/include -mlittle-endian -mxl-barrel-shift -mxl-pattern-compare -mno-xl-soft-div -mcpu=v9.5 -mno-xl-soft-mul -mxl-multiply-high -mhard-float -mxl-float-convert -mxl-float-sqrt -Wl,--no-relax -MMD -MP -MF"src/video_demo.d" -MT"src/video_demo.o" -o "src/video_demo.o" "../src/video_demo.c"
../src/video_demo.c: In function 'DemoRun':
../src/video_demo.c:215:6: warning: variable 'locked' set but not used [-Wunused-but-set-variable]
  u32 locked;
      ^
../src/video_demo.c: In function 'DemoChangeRes':
../src/video_demo.c:362:4: warning: implicit declaration of function 'MB_Sleep' [-Wimplicit-function-declaration]
    MB_Sleep(50);
    ^
Finished building: ../src/video_demo.c
 
Building target: videodemo.elf
Invoking: MicroBlaze gcc linker
mb-gcc -Wl,-T -Wl,../src/lscript.ld -LW:/ece532/integration/hdmi.sdk/standalone_bsp_0/microblaze_0/lib -mlittle-endian -mxl-barrel-shift -mxl-pattern-compare -mno-xl-soft-div -mcpu=v9.5 -mno-xl-soft-mul -mxl-multiply-high -mhard-float -mxl-float-convert -mxl-float-sqrt -Wl,--no-relax -o "videodemo.elf"  ./src/video_capture/video_capture.o  ./src/vdma/vdma.o  ./src/timer_ps/timer_ps.o  ./src/intc/intc.o  ./src/dynclk/dynclk.o  ./src/display_ctrl/display_ctrl.o  ./src/video_demo.o   -Wl,--start-group,-lxil,-lgcc,-lc,--end-group
Finished building target: videodemo.elf
 
Invoking: MicroBlaze Print Size
mb-size videodemo.elf  |tee "videodemo.elf.size"
   text	   data	    bss	    dec	    hex	filename
  63698	    680	18670574	18734952	11ddf68	videodemo.elf
Finished building: videodemo.elf.size
 
15:36:27 **** Auto Build of configuration Debug for project videodemo ****
make all 
Building file: ../src/video_demo.c
Invoking: MicroBlaze gcc compiler
mb-gcc -Wall -O0 -g3 -c -fmessage-length=0 -MT"src/video_demo.o" -IW:/ece532/integration/hdmi.sdk/standalone_bsp_0/microblaze_0/include -mlittle-endian -mxl-barrel-shift -mxl-pattern-compare -mno-xl-soft-div -mcpu=v9.5 -mno-xl-soft-mul -mxl-multiply-high -mhard-float -mxl-float-convert -mxl-float-sqrt -Wl,--no-relax -MMD -MP -MF"src/video_demo.d" -MT"src/video_demo.o" -o "src/video_demo.o" "../src/video_demo.c"
../src/video_demo.c: In function 'DemoRun':
../src/video_demo.c:215:6: warning: variable 'locked' set but not used [-Wunused-but-set-variable]
  u32 locked;
      ^
../src/video_demo.c: In function 'DemoChangeRes':
../src/video_demo.c:362:4: warning: implicit declaration of function 'MB_Sleep' [-Wimplicit-function-declaration]
    MB_Sleep(50);
    ^
Finished building: ../src/video_demo.c
 
Building target: videodemo.elf
Invoking: MicroBlaze gcc linker
mb-gcc -Wl,-T -Wl,../src/lscript.ld -LW:/ece532/integration/hdmi.sdk/standalone_bsp_0/microblaze_0/lib -mlittle-endian -mxl-barrel-shift -mxl-pattern-compare -mno-xl-soft-div -mcpu=v9.5 -mno-xl-soft-mul -mxl-multiply-high -mhard-float -mxl-float-convert -mxl-float-sqrt -Wl,--no-relax -o "videodemo.elf"  ./src/video_capture/video_capture.o  ./src/vdma/vdma.o  ./src/timer_ps/timer_ps.o  ./src/intc/intc.o  ./src/dynclk/dynclk.o  ./src/display_ctrl/display_ctrl.o  ./src/video_demo.o   -Wl,--start-group,-lxil,-lgcc,-lc,--end-group
Finished building target: videodemo.elf
 
Invoking: MicroBlaze Print Size
mb-size videodemo.elf  |tee "videodemo.elf.size"
   text	   data	    bss	    dec	    hex	filename
  63698	    680	18670574	18734952	11ddf68	videodemo.elf
Finished building: videodemo.elf.size
 
15:37:15 **** Auto Build of configuration Debug for project videodemo ****
make all 
Building file: ../src/vdma/vdma.c
Invoking: MicroBlaze gcc compiler
mb-gcc -Wall -O0 -g3 -c -fmessage-length=0 -MT"src/vdma/vdma.o" -IW:/ece532/integration/hdmi.sdk/standalone_bsp_0/microblaze_0/include -mlittle-endian -mxl-barrel-shift -mxl-pattern-compare -mno-xl-soft-div -mcpu=v9.5 -mno-xl-soft-mul -mxl-multiply-high -mhard-float -mxl-float-convert -mxl-float-sqrt -Wl,--no-relax -MMD -MP -MF"src/vdma/vdma.d" -MT"src/vdma/vdma.o" -o "src/vdma/vdma.o" "../src/vdma/vdma.c"
In file included from W:/ece532/integration/hdmi.sdk/standalone_bsp_0/microblaze_0/include/xaxivdma.h:307:0,
                 from ../src/vdma/vdma.h:16,
                 from ../src/vdma/vdma.c:11:
../src/vdma/vdma.c: In function 'read_config':
W:/ece532/integration/hdmi.sdk/standalone_bsp_0/microblaze_0/include/xstatus.h:60:41: warning: 'return' with a value, in function returning void
 #define XST_FAILURE                     1L
                                         ^
../src/vdma/vdma.c:60:11: note: in expansion of macro 'XST_FAILURE'
    return XST_FAILURE;
           ^
../src/vdma/vdma.c: In function 'dma_read_from_memory':
../src/vdma/vdma.c:70:6: warning: unused variable 'i' [-Wunused-variable]
  int i;
      ^
In file included from W:/ece532/integration/hdmi.sdk/standalone_bsp_0/microblaze_0/include/xaxivdma.h:307:0,
                 from ../src/vdma/vdma.h:16,
                 from ../src/vdma/vdma.c:11:
../src/vdma/vdma.c: In function 'write_config':
W:/ece532/integration/hdmi.sdk/standalone_bsp_0/microblaze_0/include/xstatus.h:60:41: warning: 'return' with a value, in function returning void
 #define XST_FAILURE                     1L
                                         ^
../src/vdma/vdma.c:175:10: note: in expansion of macro 'XST_FAILURE'
   return XST_FAILURE;
          ^
../src/vdma/vdma.c: In function 'dma_write_to_memory':
../src/vdma/vdma.c:185:6: warning: unused variable 'i' [-Wunused-variable]
  int i;
      ^
../src/vdma/vdma.c: In function 'reset_dma_write':
../src/vdma/vdma.c:326:1: warning: control reaches end of non-void function [-Wreturn-type]
 }
 ^
../src/vdma/vdma.c: In function 'reset_dma_read':
../src/vdma/vdma.c:330:1: warning: control reaches end of non-void function [-Wreturn-type]
 }
 ^
Finished building: ../src/vdma/vdma.c
 
Building target: videodemo.elf
Invoking: MicroBlaze gcc linker
mb-gcc -Wl,-T -Wl,../src/lscript.ld -LW:/ece532/integration/hdmi.sdk/standalone_bsp_0/microblaze_0/lib -mlittle-endian -mxl-barrel-shift -mxl-pattern-compare -mno-xl-soft-div -mcpu=v9.5 -mno-xl-soft-mul -mxl-multiply-high -mhard-float -mxl-float-convert -mxl-float-sqrt -Wl,--no-relax -o "videodemo.elf"  ./src/video_capture/video_capture.o  ./src/vdma/vdma.o  ./src/timer_ps/timer_ps.o  ./src/intc/intc.o  ./src/dynclk/dynclk.o  ./src/display_ctrl/display_ctrl.o  ./src/video_demo.o   -Wl,--start-group,-lxil,-lgcc,-lc,--end-group
Finished building target: videodemo.elf
 
Invoking: MicroBlaze Print Size
mb-size videodemo.elf  |tee "videodemo.elf.size"
   text	   data	    bss	    dec	    hex	filename
  63698	    680	18670574	18734952	11ddf68	videodemo.elf
Finished building: videodemo.elf.size
 
15:38:26 **** Auto Build of configuration Debug for project videodemo ****
make all 
Building file: ../src/video_demo.c
Invoking: MicroBlaze gcc compiler
mb-gcc -Wall -O0 -g3 -c -fmessage-length=0 -MT"src/video_demo.o" -IW:/ece532/integration/hdmi.sdk/standalone_bsp_0/microblaze_0/include -mlittle-endian -mxl-barrel-shift -mxl-pattern-compare -mno-xl-soft-div -mcpu=v9.5 -mno-xl-soft-mul -mxl-multiply-high -mhard-float -mxl-float-convert -mxl-float-sqrt -Wl,--no-relax -MMD -MP -MF"src/video_demo.d" -MT"src/video_demo.o" -o "src/video_demo.o" "../src/video_demo.c"
../src/video_demo.c: In function 'DemoRun':
../src/video_demo.c:215:6: warning: variable 'locked' set but not used [-Wunused-but-set-variable]
  u32 locked;
      ^
../src/video_demo.c: In function 'DemoChangeRes':
../src/video_demo.c:362:4: warning: implicit declaration of function 'MB_Sleep' [-Wimplicit-function-declaration]
    MB_Sleep(50);
    ^
Finished building: ../src/video_demo.c
 
Building target: videodemo.elf
Invoking: MicroBlaze gcc linker
mb-gcc -Wl,-T -Wl,../src/lscript.ld -LW:/ece532/integration/hdmi.sdk/standalone_bsp_0/microblaze_0/lib -mlittle-endian -mxl-barrel-shift -mxl-pattern-compare -mno-xl-soft-div -mcpu=v9.5 -mno-xl-soft-mul -mxl-multiply-high -mhard-float -mxl-float-convert -mxl-float-sqrt -Wl,--no-relax -o "videodemo.elf"  ./src/video_capture/video_capture.o  ./src/vdma/vdma.o  ./src/timer_ps/timer_ps.o  ./src/intc/intc.o  ./src/dynclk/dynclk.o  ./src/display_ctrl/display_ctrl.o  ./src/video_demo.o   -Wl,--start-group,-lxil,-lgcc,-lc,--end-group
Finished building target: videodemo.elf
 
Invoking: MicroBlaze Print Size
mb-size videodemo.elf  |tee "videodemo.elf.size"
   text	   data	    bss	    dec	    hex	filename
  63718	    680	18670568	18734966	11ddf76	videodemo.elf
Finished building: videodemo.elf.size
 
15:40:14 **** Incremental Build of configuration Debug for project videodemo ****
make all 
make: Nothing to be done for `all'.
15:41:21 **** Incremental Build of configuration Debug for project videodemo ****
make all 
make: Nothing to be done for `all'.
15:42:49 **** Incremental Build of configuration Debug for project videodemo ****
make all 
make: Nothing to be done for `all'.
15:46:13 **** Incremental Build of configuration Debug for project videodemo ****
make all 
make: Nothing to be done for `all'.
15:48:00 **** Auto Build of configuration Debug for project videodemo ****
make all 
Building file: ../src/video_demo.c
Invoking: MicroBlaze gcc compiler
mb-gcc -Wall -O0 -g3 -c -fmessage-length=0 -MT"src/video_demo.o" -IW:/ece532/integration/hdmi.sdk/standalone_bsp_0/microblaze_0/include -mlittle-endian -mxl-barrel-shift -mxl-pattern-compare -mno-xl-soft-div -mcpu=v9.5 -mno-xl-soft-mul -mxl-multiply-high -mhard-float -mxl-float-convert -mxl-float-sqrt -Wl,--no-relax -MMD -MP -MF"src/video_demo.d" -MT"src/video_demo.o" -o "src/video_demo.o" "../src/video_demo.c"
../src/video_demo.c: In function 'DemoRun':
../src/video_demo.c:215:6: warning: variable 'locked' set but not used [-Wunused-but-set-variable]
  u32 locked;
      ^
../src/video_demo.c: In function 'DemoChangeRes':
../src/video_demo.c:362:4: warning: implicit declaration of function 'MB_Sleep' [-Wimplicit-function-declaration]
    MB_Sleep(50);
    ^
Finished building: ../src/video_demo.c
 
Building target: videodemo.elf
Invoking: MicroBlaze gcc linker
mb-gcc -Wl,-T -Wl,../src/lscript.ld -LW:/ece532/integration/hdmi.sdk/standalone_bsp_0/microblaze_0/lib -mlittle-endian -mxl-barrel-shift -mxl-pattern-compare -mno-xl-soft-div -mcpu=v9.5 -mno-xl-soft-mul -mxl-multiply-high -mhard-float -mxl-float-convert -mxl-float-sqrt -Wl,--no-relax -o "videodemo.elf"  ./src/video_capture/video_capture.o  ./src/vdma/vdma.o  ./src/timer_ps/timer_ps.o  ./src/intc/intc.o  ./src/dynclk/dynclk.o  ./src/display_ctrl/display_ctrl.o  ./src/video_demo.o   -Wl,--start-group,-lxil,-lgcc,-lc,--end-group
Finished building target: videodemo.elf
 
Invoking: MicroBlaze Print Size
mb-size videodemo.elf  |tee "videodemo.elf.size"
   text	   data	    bss	    dec	    hex	filename
  63694	    680	18670568	18734942	11ddf5e	videodemo.elf
Finished building: videodemo.elf.size
 
15:48:06 **** Incremental Build of configuration Debug for project videodemo ****
make all 
make: Nothing to be done for `all'.
15:48:58 **** Auto Build of configuration Debug for project videodemo ****
make all 
Building file: ../src/video_demo.c
Invoking: MicroBlaze gcc compiler
mb-gcc -Wall -O0 -g3 -c -fmessage-length=0 -MT"src/video_demo.o" -IW:/ece532/integration/hdmi.sdk/standalone_bsp_0/microblaze_0/include -mlittle-endian -mxl-barrel-shift -mxl-pattern-compare -mno-xl-soft-div -mcpu=v9.5 -mno-xl-soft-mul -mxl-multiply-high -mhard-float -mxl-float-convert -mxl-float-sqrt -Wl,--no-relax -MMD -MP -MF"src/video_demo.d" -MT"src/video_demo.o" -o "src/video_demo.o" "../src/video_demo.c"
../src/video_demo.c: In function 'DemoRun':
../src/video_demo.c:215:6: warning: variable 'locked' set but not used [-Wunused-but-set-variable]
  u32 locked;
      ^
../src/video_demo.c: In function 'DemoChangeRes':
../src/video_demo.c:362:4: warning: implicit declaration of function 'MB_Sleep' [-Wimplicit-function-declaration]
    MB_Sleep(50);
    ^
Finished building: ../src/video_demo.c
 
Building target: videodemo.elf
Invoking: MicroBlaze gcc linker
mb-gcc -Wl,-T -Wl,../src/lscript.ld -LW:/ece532/integration/hdmi.sdk/standalone_bsp_0/microblaze_0/lib -mlittle-endian -mxl-barrel-shift -mxl-pattern-compare -mno-xl-soft-div -mcpu=v9.5 -mno-xl-soft-mul -mxl-multiply-high -mhard-float -mxl-float-convert -mxl-float-sqrt -Wl,--no-relax -o "videodemo.elf"  ./src/video_capture/video_capture.o  ./src/vdma/vdma.o  ./src/timer_ps/timer_ps.o  ./src/intc/intc.o  ./src/dynclk/dynclk.o  ./src/display_ctrl/display_ctrl.o  ./src/video_demo.o   -Wl,--start-group,-lxil,-lgcc,-lc,--end-group
Finished building target: videodemo.elf
 
Invoking: MicroBlaze Print Size
mb-size videodemo.elf  |tee "videodemo.elf.size"
   text	   data	    bss	    dec	    hex	filename
  63674	    680	18670574	18734928	11ddf50	videodemo.elf
Finished building: videodemo.elf.size
 
15:49:05 **** Incremental Build of configuration Debug for project videodemo ****
make all 
make: Nothing to be done for `all'.
15:50:03 **** Incremental Build of configuration Debug for project videodemo ****
make all 
make: Nothing to be done for `all'.
15:59:45 **** Auto Build of configuration Debug for project videodemo ****
make all 
Building file: ../src/video_demo.c
Invoking: MicroBlaze gcc compiler
mb-gcc -Wall -O0 -g3 -c -fmessage-length=0 -MT"src/video_demo.o" -IW:/ece532/integration/hdmi.sdk/standalone_bsp_0/microblaze_0/include -mlittle-endian -mxl-barrel-shift -mxl-pattern-compare -mno-xl-soft-div -mcpu=v9.5 -mno-xl-soft-mul -mxl-multiply-high -mhard-float -mxl-float-convert -mxl-float-sqrt -Wl,--no-relax -MMD -MP -MF"src/video_demo.d" -MT"src/video_demo.o" -o "src/video_demo.o" "../src/video_demo.c"
../src/video_demo.c: In function 'DemoRun':
../src/video_demo.c:215:6: warning: variable 'locked' set but not used [-Wunused-but-set-variable]
  u32 locked;
      ^
../src/video_demo.c: In function 'DemoChangeRes':
../src/video_demo.c:364:4: warning: implicit declaration of function 'MB_Sleep' [-Wimplicit-function-declaration]
    MB_Sleep(50);
    ^
Finished building: ../src/video_demo.c
 
Building target: videodemo.elf
Invoking: MicroBlaze gcc linker
mb-gcc -Wl,-T -Wl,../src/lscript.ld -LW:/ece532/integration/hdmi.sdk/standalone_bsp_0/microblaze_0/lib -mlittle-endian -mxl-barrel-shift -mxl-pattern-compare -mno-xl-soft-div -mcpu=v9.5 -mno-xl-soft-mul -mxl-multiply-high -mhard-float -mxl-float-convert -mxl-float-sqrt -Wl,--no-relax -o "videodemo.elf"  ./src/video_capture/video_capture.o  ./src/vdma/vdma.o  ./src/timer_ps/timer_ps.o  ./src/intc/intc.o  ./src/dynclk/dynclk.o  ./src/display_ctrl/display_ctrl.o  ./src/video_demo.o   -Wl,--start-group,-lxil,-lgcc,-lc,--end-group
Finished building target: videodemo.elf
 
Invoking: MicroBlaze Print Size
mb-size videodemo.elf  |tee "videodemo.elf.size"
   text	   data	    bss	    dec	    hex	filename
  63734	    680	18670568	18734982	11ddf86	videodemo.elf
Finished building: videodemo.elf.size
 
15:59:57 **** Incremental Build of configuration Debug for project videodemo ****
make all 
make: Nothing to be done for `all'.
16:03:51 **** Incremental Build of configuration Debug for project videodemo ****
make all 
make: Nothing to be done for `all'.
16:11:44 **** Auto Build of configuration Debug for project videodemo ****
make all 
Building file: ../src/video_demo.c
Invoking: MicroBlaze gcc compiler
mb-gcc -Wall -O0 -g3 -c -fmessage-length=0 -MT"src/video_demo.o" -IW:/ece532/integration/hdmi.sdk/standalone_bsp_0/microblaze_0/include -mlittle-endian -mxl-barrel-shift -mxl-pattern-compare -mno-xl-soft-div -mcpu=v9.5 -mno-xl-soft-mul -mxl-multiply-high -mhard-float -mxl-float-convert -mxl-float-sqrt -Wl,--no-relax -MMD -MP -MF"src/video_demo.d" -MT"src/video_demo.o" -o "src/video_demo.o" "../src/video_demo.c"
../src/video_demo.c: In function 'DemoRun':
../src/video_demo.c:215:6: warning: variable 'locked' set but not used [-Wunused-but-set-variable]
  u32 locked;
      ^
../src/video_demo.c: In function 'DemoChangeRes':
../src/video_demo.c:365:4: warning: implicit declaration of function 'MB_Sleep' [-Wimplicit-function-declaration]
    MB_Sleep(50);
    ^
Finished building: ../src/video_demo.c
 
Building target: videodemo.elf
Invoking: MicroBlaze gcc linker
mb-gcc -Wl,-T -Wl,../src/lscript.ld -LW:/ece532/integration/hdmi.sdk/standalone_bsp_0/microblaze_0/lib -mlittle-endian -mxl-barrel-shift -mxl-pattern-compare -mno-xl-soft-div -mcpu=v9.5 -mno-xl-soft-mul -mxl-multiply-high -mhard-float -mxl-float-convert -mxl-float-sqrt -Wl,--no-relax -o "videodemo.elf"  ./src/video_capture/video_capture.o  ./src/vdma/vdma.o  ./src/timer_ps/timer_ps.o  ./src/intc/intc.o  ./src/dynclk/dynclk.o  ./src/display_ctrl/display_ctrl.o  ./src/video_demo.o   -Wl,--start-group,-lxil,-lgcc,-lc,--end-group
Finished building target: videodemo.elf
 
Invoking: MicroBlaze Print Size
mb-size videodemo.elf  |tee "videodemo.elf.size"
   text	   data	    bss	    dec	    hex	filename
  63734	    680	18670568	18734982	11ddf86	videodemo.elf
Finished building: videodemo.elf.size
 
16:11:50 **** Incremental Build of configuration Debug for project videodemo ****
make all 
make: Nothing to be done for `all'.
16:13:07 **** Auto Build of configuration Debug for project videodemo ****
make all 
Building file: ../src/video_demo.c
Invoking: MicroBlaze gcc compiler
mb-gcc -Wall -O0 -g3 -c -fmessage-length=0 -MT"src/video_demo.o" -IW:/ece532/integration/hdmi.sdk/standalone_bsp_0/microblaze_0/include -mlittle-endian -mxl-barrel-shift -mxl-pattern-compare -mno-xl-soft-div -mcpu=v9.5 -mno-xl-soft-mul -mxl-multiply-high -mhard-float -mxl-float-convert -mxl-float-sqrt -Wl,--no-relax -MMD -MP -MF"src/video_demo.d" -MT"src/video_demo.o" -o "src/video_demo.o" "../src/video_demo.c"
../src/video_demo.c: In function 'DemoRun':
../src/video_demo.c:215:6: warning: variable 'locked' set but not used [-Wunused-but-set-variable]
  u32 locked;
      ^
../src/video_demo.c: In function 'DemoChangeRes':
../src/video_demo.c:364:4: warning: implicit declaration of function 'MB_Sleep' [-Wimplicit-function-declaration]
    MB_Sleep(50);
    ^
Finished building: ../src/video_demo.c
 
Building target: videodemo.elf
Invoking: MicroBlaze gcc linker
mb-gcc -Wl,-T -Wl,../src/lscript.ld -LW:/ece532/integration/hdmi.sdk/standalone_bsp_0/microblaze_0/lib -mlittle-endian -mxl-barrel-shift -mxl-pattern-compare -mno-xl-soft-div -mcpu=v9.5 -mno-xl-soft-mul -mxl-multiply-high -mhard-float -mxl-float-convert -mxl-float-sqrt -Wl,--no-relax -o "videodemo.elf"  ./src/video_capture/video_capture.o  ./src/vdma/vdma.o  ./src/timer_ps/timer_ps.o  ./src/intc/intc.o  ./src/dynclk/dynclk.o  ./src/display_ctrl/display_ctrl.o  ./src/video_demo.o   -Wl,--start-group,-lxil,-lgcc,-lc,--end-group
Finished building target: videodemo.elf
 
Invoking: MicroBlaze Print Size
mb-size videodemo.elf  |tee "videodemo.elf.size"
   text	   data	    bss	    dec	    hex	filename
  63734	    680	18670568	18734982	11ddf86	videodemo.elf
Finished building: videodemo.elf.size
 
17:03:38 **** Auto Build of configuration Debug for project videodemo ****
make all 
make: Nothing to be done for `all'.
21:05:58 **** Auto Build of configuration Debug for project videodemo ****
make all 
make: Nothing to be done for `all'.
12:01:19 **** Incremental Build of configuration Debug for project videodemo ****
make all 
make: Nothing to be done for `all'.
12:28:25 **** Auto Build of configuration Debug for project videodemo ****
make all 
Building file: ../src/vdma/vdma.c
Invoking: MicroBlaze gcc compiler
mb-gcc -Wall -O0 -g3 -c -fmessage-length=0 -MT"src/vdma/vdma.o" -IW:/ece532/integration/hdmi.sdk/standalone_bsp_0/microblaze_0/include -mlittle-endian -mxl-barrel-shift -mxl-pattern-compare -mno-xl-soft-div -mcpu=v9.5 -mno-xl-soft-mul -mxl-multiply-high -mhard-float -mxl-float-convert -mxl-float-sqrt -Wl,--no-relax -MMD -MP -MF"src/vdma/vdma.d" -MT"src/vdma/vdma.o" -o "src/vdma/vdma.o" "../src/vdma/vdma.c"
In file included from W:/ece532/integration/hdmi.sdk/standalone_bsp_0/microblaze_0/include/xaxivdma.h:307:0,
                 from ../src/vdma/vdma.h:16,
                 from ../src/vdma/vdma.c:11:
../src/vdma/vdma.c: In function 'read_config':
W:/ece532/integration/hdmi.sdk/standalone_bsp_0/microblaze_0/include/xstatus.h:60:41: warning: 'return' with a value, in function returning void
 #define XST_FAILURE                     1L
                                         ^
../src/vdma/vdma.c:60:11: note: in expansion of macro 'XST_FAILURE'
    return XST_FAILURE;
           ^
../src/vdma/vdma.c: In function 'dma_read_from_memory':
../src/vdma/vdma.c:70:6: warning: unused variable 'i' [-Wunused-variable]
  int i;
      ^
In file included from W:/ece532/integration/hdmi.sdk/standalone_bsp_0/microblaze_0/include/xaxivdma.h:307:0,
                 from ../src/vdma/vdma.h:16,
                 from ../src/vdma/vdma.c:11:
../src/vdma/vdma.c: In function 'write_config':
W:/ece532/integration/hdmi.sdk/standalone_bsp_0/microblaze_0/include/xstatus.h:60:41: warning: 'return' with a value, in function returning void
 #define XST_FAILURE                     1L
                                         ^
../src/vdma/vdma.c:175:10: note: in expansion of macro 'XST_FAILURE'
   return XST_FAILURE;
          ^
../src/vdma/vdma.c: In function 'dma_write_to_memory':
../src/vdma/vdma.c:185:6: warning: unused variable 'i' [-Wunused-variable]
  int i;
      ^
../src/vdma/vdma.c: In function 'reset_dma_write':
../src/vdma/vdma.c:326:1: warning: control reaches end of non-void function [-Wreturn-type]
 }
 ^
../src/vdma/vdma.c: In function 'reset_dma_read':
../src/vdma/vdma.c:330:1: warning: control reaches end of non-void function [-Wreturn-type]
 }
 ^
Finished building: ../src/vdma/vdma.c
 
Building target: videodemo.elf
Invoking: MicroBlaze gcc linker
mb-gcc -Wl,-T -Wl,../src/lscript.ld -LW:/ece532/integration/hdmi.sdk/standalone_bsp_0/microblaze_0/lib -mlittle-endian -mxl-barrel-shift -mxl-pattern-compare -mno-xl-soft-div -mcpu=v9.5 -mno-xl-soft-mul -mxl-multiply-high -mhard-float -mxl-float-convert -mxl-float-sqrt -Wl,--no-relax -o "videodemo.elf"  ./src/video_capture/video_capture.o  ./src/vdma/vdma.o  ./src/timer_ps/timer_ps.o  ./src/intc/intc.o  ./src/dynclk/dynclk.o  ./src/display_ctrl/display_ctrl.o  ./src/video_demo.o   -Wl,--start-group,-lxil,-lgcc,-lc,--end-group
Finished building target: videodemo.elf
 
Invoking: MicroBlaze Print Size
mb-size videodemo.elf  |tee "videodemo.elf.size"
   text	   data	    bss	    dec	    hex	filename
  64250	    680	18670574	18735504	11de190	videodemo.elf
Finished building: videodemo.elf.size
 
12:28:56 **** Incremental Build of configuration Debug for project videodemo ****
make all 
make: Nothing to be done for `all'.
12:28:57 **** Incremental Build of configuration Debug for project videodemo ****
make all 
make: Nothing to be done for `all'.
12:32:44 **** Auto Build of configuration Debug for project videodemo ****
make all 
Building file: ../src/vdma/vdma.c
Invoking: MicroBlaze gcc compiler
mb-gcc -Wall -O0 -g3 -c -fmessage-length=0 -MT"src/vdma/vdma.o" -IW:/ece532/integration/hdmi.sdk/standalone_bsp_0/microblaze_0/include -mlittle-endian -mxl-barrel-shift -mxl-pattern-compare -mno-xl-soft-div -mcpu=v9.5 -mno-xl-soft-mul -mxl-multiply-high -mhard-float -mxl-float-convert -mxl-float-sqrt -Wl,--no-relax -MMD -MP -MF"src/vdma/vdma.d" -MT"src/vdma/vdma.o" -o "src/vdma/vdma.o" "../src/vdma/vdma.c"
In file included from W:/ece532/integration/hdmi.sdk/standalone_bsp_0/microblaze_0/include/xaxivdma.h:307:0,
                 from ../src/vdma/vdma.h:16,
                 from ../src/vdma/vdma.c:11:
../src/vdma/vdma.c: In function 'read_config':
W:/ece532/integration/hdmi.sdk/standalone_bsp_0/microblaze_0/include/xstatus.h:60:41: warning: 'return' with a value, in function returning void
 #define XST_FAILURE                     1L
                                         ^
../src/vdma/vdma.c:60:11: note: in expansion of macro 'XST_FAILURE'
    return XST_FAILURE;
           ^
../src/vdma/vdma.c: In function 'dma_read_from_memory':
../src/vdma/vdma.c:70:6: warning: unused variable 'i' [-Wunused-variable]
  int i;
      ^
In file included from W:/ece532/integration/hdmi.sdk/standalone_bsp_0/microblaze_0/include/xaxivdma.h:307:0,
                 from ../src/vdma/vdma.h:16,
                 from ../src/vdma/vdma.c:11:
../src/vdma/vdma.c: In function 'write_config':
W:/ece532/integration/hdmi.sdk/standalone_bsp_0/microblaze_0/include/xstatus.h:60:41: warning: 'return' with a value, in function returning void
 #define XST_FAILURE                     1L
                                         ^
../src/vdma/vdma.c:175:10: note: in expansion of macro 'XST_FAILURE'
   return XST_FAILURE;
          ^
../src/vdma/vdma.c: In function 'dma_write_to_memory':
../src/vdma/vdma.c:185:6: warning: unused variable 'i' [-Wunused-variable]
  int i;
      ^
../src/vdma/vdma.c: In function 'reset_dma_write':
../src/vdma/vdma.c:326:1: warning: control reaches end of non-void function [-Wreturn-type]
 }
 ^
../src/vdma/vdma.c: In function 'reset_dma_read':
../src/vdma/vdma.c:330:1: warning: control reaches end of non-void function [-Wreturn-type]
 }
 ^
Finished building: ../src/vdma/vdma.c
 
Building target: videodemo.elf
Invoking: MicroBlaze gcc linker
[...]
"Running Make include in microblaze_0/libsrc/led_detect_v1_0/src"
make -C microblaze_0/libsrc/led_detect_v1_0/src -s include  "SHELL=CMD" "COMPILER=mb-gcc" "ARCHIVER=mb-ar" "COMPILER_FLAGS= -O2 -c -mcpu=v9.6 -mhard-float -mlittle-endian -mno-xl-soft-div -mno-xl-soft-mul -mxl-barrel-shift -mxl-float-convert -mxl-float-sqrt -mxl-multiply-high -mxl-pattern-compare" "EXTRA_COMPILER_FLAGS=-g"
"Running Make include in microblaze_0/libsrc/standalone_v5_5/src"
make -C microblaze_0/libsrc/standalone_v5_5/src -s include  "SHELL=CMD" "COMPILER=mb-gcc" "ARCHIVER=mb-ar" "COMPILER_FLAGS= -O2 -c -mcpu=v9.6 -mhard-float -mlittle-endian -mno-xl-soft-div -mno-xl-soft-mul -mxl-barrel-shift -mxl-float-convert -mxl-float-sqrt -mxl-multiply-high -mxl-pattern-compare" "EXTRA_COMPILER_FLAGS=-g"
"Running Make include in microblaze_0/libsrc/tmrctr_v4_1/src"
make -C microblaze_0/libsrc/tmrctr_v4_1/src -s include  "SHELL=CMD" "COMPILER=mb-gcc" "ARCHIVER=mb-ar" "COMPILER_FLAGS= -O2 -c -mcpu=v9.6 -mhard-float -mlittle-endian -mno-xl-soft-div -mno-xl-soft-mul -mxl-barrel-shift -mxl-float-convert -mxl-float-sqrt -mxl-multiply-high -mxl-pattern-compare" "EXTRA_COMPILER_FLAGS=-g"
"Running Make include in microblaze_0/libsrc/uartlite_v3_2/src"
make -C microblaze_0/libsrc/uartlite_v3_2/src -s include  "SHELL=CMD" "COMPILER=mb-gcc" "ARCHIVER=mb-ar" "COMPILER_FLAGS= -O2 -c -mcpu=v9.6 -mhard-float -mlittle-endian -mno-xl-soft-div -mno-xl-soft-mul -mxl-barrel-shift -mxl-float-convert -mxl-float-sqrt -mxl-multiply-high -mxl-pattern-compare" "EXTRA_COMPILER_FLAGS=-g"
"Running Make include in microblaze_0/libsrc/vtc_v7_1/src"
make -C microblaze_0/libsrc/vtc_v7_1/src -s include  "SHELL=CMD" "COMPILER=mb-gcc" "ARCHIVER=mb-ar" "COMPILER_FLAGS= -O2 -c -mcpu=v9.6 -mhard-float -mlittle-endian -mno-xl-soft-div -mno-xl-soft-mul -mxl-barrel-shift -mxl-float-convert -mxl-float-sqrt -mxl-multiply-high -mxl-pattern-compare" "EXTRA_COMPILER_FLAGS=-g"
"Running Make libs in microblaze_0/libsrc/axivdma_v6_1/src"
make -C microblaze_0/libsrc/axivdma_v6_1/src -s libs  "SHELL=CMD" "COMPILER=mb-gcc" "ARCHIVER=mb-ar" "COMPILER_FLAGS= -O2 -c -mcpu=v9.6 -mhard-float -mlittle-endian -mno-xl-soft-div -mno-xl-soft-mul -mxl-barrel-shift -mxl-float-convert -mxl-float-sqrt -mxl-multiply-high -mxl-pattern-compare" "EXTRA_COMPILER_FLAGS=-g"
"Compiling axivdma"
mb-ar: creating ../../../lib/libxil.a
"Running Make libs in microblaze_0/libsrc/bram_v4_1/src"
make -C microblaze_0/libsrc/bram_v4_1/src -s libs  "SHELL=CMD" "COMPILER=mb-gcc" "ARCHIVER=mb-ar" "COMPILER_FLAGS= -O2 -c -mcpu=v9.6 -mhard-float -mlittle-endian -mno-xl-soft-div -mno-xl-soft-mul -mxl-barrel-shift -mxl-float-convert -mxl-float-sqrt -mxl-multiply-high -mxl-pattern-compare" "EXTRA_COMPILER_FLAGS=-g"
"Compiling bram"
"Running Make libs in microblaze_0/libsrc/cpu_v2_5/src"
make -C microblaze_0/libsrc/cpu_v2_5/src -s libs  "SHELL=CMD" "COMPILER=mb-gcc" "ARCHIVER=mb-ar" "COMPILER_FLAGS= -O2 -c -mcpu=v9.6 -mhard-float -mlittle-endian -mno-xl-soft-div -mno-xl-soft-mul -mxl-barrel-shift -mxl-float-convert -mxl-float-sqrt -mxl-multiply-high -mxl-pattern-compare" "EXTRA_COMPILER_FLAGS=-g"
"Compiling cpu"
"Running Make libs in microblaze_0/libsrc/gpio_v4_1/src"
make -C microblaze_0/libsrc/gpio_v4_1/src -s libs  "SHELL=CMD" "COMPILER=mb-gcc" "ARCHIVER=mb-ar" "COMPILER_FLAGS= -O2 -c -mcpu=v9.6 -mhard-float -mlittle-endian -mno-xl-soft-div -mno-xl-soft-mul -mxl-barrel-shift -mxl-float-convert -mxl-float-sqrt -mxl-multiply-high -mxl-pattern-compare" "EXTRA_COMPILER_FLAGS=-g"
"Compiling gpio"
"Running Make libs in microblaze_0/libsrc/intc_v3_5/src"
make -C microblaze_0/libsrc/intc_v3_5/src -s libs  "SHELL=CMD" "COMPILER=mb-gcc" "ARCHIVER=mb-ar" "COMPILER_FLAGS= -O2 -c -mcpu=v9.6 -mhard-float -mlittle-endian -mno-xl-soft-div -mno-xl-soft-mul -mxl-barrel-shift -mxl-float-convert -mxl-float-sqrt -mxl-multiply-high -mxl-pattern-compare" "EXTRA_COMPILER_FLAGS=-g"
"Compiling intc"
"Running Make libs in microblaze_0/libsrc/led_detect_v1_0/src"
make -C microblaze_0/libsrc/led_detect_v1_0/src -s libs  "SHELL=CMD" "COMPILER=mb-gcc" "ARCHIVER=mb-ar" "COMPILER_FLAGS= -O2 -c -mcpu=v9.6 -mhard-float -mlittle-endian -mno-xl-soft-div -mno-xl-soft-mul -mxl-barrel-shift -mxl-float-convert -mxl-float-sqrt -mxl-multiply-high -mxl-pattern-compare" "EXTRA_COMPILER_FLAGS=-g"
"Compiling led_detect..."
"Running Make libs in microblaze_0/libsrc/standalone_v5_5/src"
make -C microblaze_0/libsrc/standalone_v5_5/src -s libs  "SHELL=CMD" "COMPILER=mb-gcc" "ARCHIVER=mb-ar" "COMPILER_FLAGS= -O2 -c -mcpu=v9.6 -mhard-float -mlittle-endian -mno-xl-soft-div -mno-xl-soft-mul -mxl-barrel-shift -mxl-float-convert -mxl-float-sqrt -mxl-multiply-high -mxl-pattern-compare" "EXTRA_COMPILER_FLAGS=-g"
"Compiling standalone";
"Running Make libs in microblaze_0/libsrc/tmrctr_v4_1/src"
make -C microblaze_0/libsrc/tmrctr_v4_1/src -s libs  "SHELL=CMD" "COMPILER=mb-gcc" "ARCHIVER=mb-ar" "COMPILER_FLAGS= -O2 -c -mcpu=v9.6 -mhard-float -mlittle-endian -mno-xl-soft-div -mno-xl-soft-mul -mxl-barrel-shift -mxl-float-convert -mxl-float-sqrt -mxl-multiply-high -mxl-pattern-compare" "EXTRA_COMPILER_FLAGS=-g"
"Compiling tmrctr"
"Running Make libs in microblaze_0/libsrc/uartlite_v3_2/src"
make -C microblaze_0/libsrc/uartlite_v3_2/src -s libs  "SHELL=CMD" "COMPILER=mb-gcc" "ARCHIVER=mb-ar" "COMPILER_FLAGS= -O2 -c -mcpu=v9.6 -mhard-float -mlittle-endian -mno-xl-soft-div -mno-xl-soft-mul -mxl-barrel-shift -mxl-float-convert -mxl-float-sqrt -mxl-multiply-high -mxl-pattern-compare" "EXTRA_COMPILER_FLAGS=-g"
"Compiling uartlite"
"Running Make libs in microblaze_0/libsrc/vtc_v7_1/src"
make -C microblaze_0/libsrc/vtc_v7_1/src -s libs  "SHELL=CMD" "COMPILER=mb-gcc" "ARCHIVER=mb-ar" "COMPILER_FLAGS= -O2 -c -mcpu=v9.6 -mhard-float -mlittle-endian -mno-xl-soft-div -mno-xl-soft-mul -mxl-barrel-shift -mxl-float-convert -mxl-float-sqrt -mxl-multiply-high -mxl-pattern-compare" "EXTRA_COMPILER_FLAGS=-g"
"Compiling video timing controller"
'Finished building libraries'
19:42:11 **** Auto Build of configuration Debug for project videodemo ****
make all 
'Building file: ../src/video_capture/video_capture.c'
'Invoking: MicroBlaze gcc compiler'
mb-gcc -Wall -O0 -g3 -c -fmessage-length=0 -MT"src/video_capture/video_capture.o" -IW:/ece532/src/hdmi.sdk/standalone_bsp_1/microblaze_0/include -mlittle-endian -mxl-barrel-shift -mxl-pattern-compare -mno-xl-soft-div -mcpu=v9.6 -mno-xl-soft-mul -mxl-multiply-high -mhard-float -mxl-float-convert -mxl-float-sqrt -Wl,--no-relax -MMD -MP -MF"src/video_capture/video_capture.d" -MT"src/video_capture/video_capture.o" -o "src/video_capture/video_capture.o" "../src/video_capture/video_capture.c"
'Finished building: ../src/video_capture/video_capture.c'
' '
'Building file: ../src/vdma/vdma.c'
'Invoking: MicroBlaze gcc compiler'
mb-gcc -Wall -O0 -g3 -c -fmessage-length=0 -MT"src/vdma/vdma.o" -IW:/ece532/src/hdmi.sdk/standalone_bsp_1/microblaze_0/include -mlittle-endian -mxl-barrel-shift -mxl-pattern-compare -mno-xl-soft-div -mcpu=v9.6 -mno-xl-soft-mul -mxl-multiply-high -mhard-float -mxl-float-convert -mxl-float-sqrt -Wl,--no-relax -MMD -MP -MF"src/vdma/vdma.d" -MT"src/vdma/vdma.o" -o "src/vdma/vdma.o" "../src/vdma/vdma.c"
In file included from W:/ece532/src/hdmi.sdk/standalone_bsp_1/microblaze_0/include/xaxivdma.h:307:0,
                 from ../src/vdma/vdma.h:16,
                 from ../src/vdma/vdma.c:11:
../src/vdma/vdma.c: In function 'read_config':
W:/ece532/src/hdmi.sdk/standalone_bsp_1/microblaze_0/include/xstatus.h:60:41: warning: 'return' with a value, in function returning void
 #define XST_FAILURE                     1L
                                         ^
../src/vdma/vdma.c:60:11: note: in expansion of macro 'XST_FAILURE'
    return XST_FAILURE;
           ^
../src/vdma/vdma.c: In function 'dma_read_from_memory':
../src/vdma/vdma.c:70:6: warning: unused variable 'i' [-Wunused-variable]
  int i;
      ^
In file included from W:/ece532/src/hdmi.sdk/standalone_bsp_1/microblaze_0/include/xaxivdma.h:307:0,
                 from ../src/vdma/vdma.h:16,
                 from ../src/vdma/vdma.c:11:
../src/vdma/vdma.c: In function 'write_config':
W:/ece532/src/hdmi.sdk/standalone_bsp_1/microblaze_0/include/xstatus.h:60:41: warning: 'return' with a value, in function returning void
 #define XST_FAILURE                     1L
                                         ^
../src/vdma/vdma.c:176:10: note: in expansion of macro 'XST_FAILURE'
   return XST_FAILURE;
          ^
../src/vdma/vdma.c: In function 'dma_write_to_memory':
../src/vdma/vdma.c:186:6: warning: unused variable 'i' [-Wunused-variable]
  int i;
      ^
../src/vdma/vdma.c: In function 'reset_dma_write':
../src/vdma/vdma.c:327:1: warning: control reaches end of non-void function [-Wreturn-type]
 }
 ^
../src/vdma/vdma.c: In function 'reset_dma_read':
../src/vdma/vdma.c:331:1: warning: control reaches end of non-void function [-Wreturn-type]
 }
 ^
'Finished building: ../src/vdma/vdma.c'
' '
'Building file: ../src/intc/intc.c'
'Invoking: MicroBlaze gcc compiler'
mb-gcc -Wall -O0 -g3 -c -fmessage-length=0 -MT"src/intc/intc.o" -IW:/ece532/src/hdmi.sdk/standalone_bsp_1/microblaze_0/include -mlittle-endian -mxl-barrel-shift -mxl-pattern-compare -mno-xl-soft-div -mcpu=v9.6 -mno-xl-soft-mul -mxl-multiply-high -mhard-float -mxl-float-convert -mxl-float-sqrt -Wl,--no-relax -MMD -MP -MF"src/intc/intc.d" -MT"src/intc/intc.o" -o "src/intc/intc.o" "../src/intc/intc.c"
'Finished building: ../src/intc/intc.c'
' '
'Building file: ../src/dynclk/dynclk.c'
'Invoking: MicroBlaze gcc compiler'
mb-gcc -Wall -O0 -g3 -c -fmessage-length=0 -MT"src/dynclk/dynclk.o" -IW:/ece532/src/hdmi.sdk/standalone_bsp_1/microblaze_0/include -mlittle-endian -mxl-barrel-shift -mxl-pattern-compare -mno-xl-soft-div -mcpu=v9.6 -mno-xl-soft-mul -mxl-multiply-high -mhard-float -mxl-float-convert -mxl-float-sqrt -Wl,--no-relax -MMD -MP -MF"src/dynclk/dynclk.d" -MT"src/dynclk/dynclk.o" -o "src/dynclk/dynclk.o" "../src/dynclk/dynclk.c"
'Finished building: ../src/dynclk/dynclk.c'
' '
'Building file: ../src/display_ctrl/display_ctrl.c'
'Invoking: MicroBlaze gcc compiler'
mb-gcc -Wall -O0 -g3 -c -fmessage-length=0 -MT"src/display_ctrl/display_ctrl.o" -IW:/ece532/src/hdmi.sdk/standalone_bsp_1/microblaze_0/include -mlittle-endian -mxl-barrel-shift -mxl-pattern-compare -mno-xl-soft-div -mcpu=v9.6 -mno-xl-soft-mul -mxl-multiply-high -mhard-float -mxl-float-convert -mxl-float-sqrt -Wl,--no-relax -MMD -MP -MF"src/display_ctrl/display_ctrl.d" -MT"src/display_ctrl/display_ctrl.o" -o "src/display_ctrl/display_ctrl.o" "../src/display_ctrl/display_ctrl.c"
'Finished building: ../src/display_ctrl/display_ctrl.c'
' '
'Building file: ../src/video_demo.c'
'Invoking: MicroBlaze gcc compiler'
mb-gcc -Wall -O0 -g3 -c -fmessage-length=0 -MT"src/video_demo.o" -IW:/ece532/src/hdmi.sdk/standalone_bsp_1/microblaze_0/include -mlittle-endian -mxl-barrel-shift -mxl-pattern-compare -mno-xl-soft-div -mcpu=v9.6 -mno-xl-soft-mul -mxl-multiply-high -mhard-float -mxl-float-convert -mxl-float-sqrt -Wl,--no-relax -MMD -MP -MF"src/video_demo.d" -MT"src/video_demo.o" -o "src/video_demo.o" "../src/video_demo.c"
../src/video_demo.c: In function 'start_frame_read':
../src/video_demo.c:590:6: warning: variable 'Status' set but not used [-Wunused-but-set-variable]
  int Status;
      ^
../src/video_demo.c: In function 'gesture_detect':
../src/video_demo.c:399:1: warning: control reaches end of non-void function [-Wreturn-type]
 }
 ^
'Finished building: ../src/video_demo.c'
' '
'Building target: videodemo.elf'
'Invoking: MicroBlaze gcc linker'
mb-gcc -Wl,-T -Wl,../src/lscript.ld -LW:/ece532/src/hdmi.sdk/standalone_bsp_1/microblaze_0/lib -mlittle-endian -mxl-barrel-shift -mxl-pattern-compare -mno-xl-soft-div -mcpu=v9.6 -mno-xl-soft-mul -mxl-multiply-high -mhard-float -mxl-float-convert -mxl-float-sqrt -Wl,--no-relax -o "videodemo.elf"  ./src/video_capture/video_capture.o  ./src/vdma/vdma.o  ./src/timer_ps/timer_ps.o  ./src/intc/intc.o  ./src/dynclk/dynclk.o  ./src/display_ctrl/display_ctrl.o  ./src/video_demo.o   -Wl,--start-group,-lxil,-lgcc,-lc,--end-group
'Finished building target: videodemo.elf'
' '
'Invoking: MicroBlaze Print Size'
mb-size videodemo.elf  |tee "videodemo.elf.size"
   text	   data	    bss	    dec	    hex	filename
  59298	    684	18671386	18731368	11dd168	videodemo.elf
'Finished building: videodemo.elf.size'
' '
19:42:20 **** Incremental Build of configuration Debug for project videodemo ****
make all 
make: Nothing to be done for `all'.
20:26:53 **** Incremental Build of configuration Debug for project videodemo ****
make all 
make: Nothing to be done for `all'.
20:37:22 **** Auto Build of configuration Debug for project videodemo ****
make all 
'Building file: ../src/vdma/vdma.c'
'Invoking: MicroBlaze gcc compiler'
mb-gcc -Wall -O0 -g3 -c -fmessage-length=0 -MT"src/vdma/vdma.o" -IW:/ece532/src/hdmi.sdk/standalone_bsp_1/microblaze_0/include -mlittle-endian -mxl-barrel-shift -mxl-pattern-compare -mno-xl-soft-div -mcpu=v9.6 -mno-xl-soft-mul -mxl-multiply-high -mhard-float -mxl-float-convert -mxl-float-sqrt -Wl,--no-relax -MMD -MP -MF"src/vdma/vdma.d" -MT"src/vdma/vdma.o" -o "src/vdma/vdma.o" "../src/vdma/vdma.c"
In file included from W:/ece532/src/hdmi.sdk/standalone_bsp_1/microblaze_0/include/xaxivdma.h:307:0,
                 from ../src/vdma/vdma.h:16,
                 from ../src/vdma/vdma.c:11:
../src/vdma/vdma.c: In function 'read_config':
W:/ece532/src/hdmi.sdk/standalone_bsp_1/microblaze_0/include/xstatus.h:60:41: warning: 'return' with a value, in function returning void
 #define XST_FAILURE                     1L
                                         ^
../src/vdma/vdma.c:60:11: note: in expansion of macro 'XST_FAILURE'
    return XST_FAILURE;
           ^
../src/vdma/vdma.c: In function 'dma_read_from_memory':
../src/vdma/vdma.c:70:6: warning: unused variable 'i' [-Wunused-variable]
  int i;
      ^
In file included from W:/ece532/src/hdmi.sdk/standalone_bsp_1/microblaze_0/include/xaxivdma.h:307:0,
                 from ../src/vdma/vdma.h:16,
                 from ../src/vdma/vdma.c:11:
../src/vdma/vdma.c: In function 'write_config':
W:/ece532/src/hdmi.sdk/standalone_bsp_1/microblaze_0/include/xstatus.h:60:41: warning: 'return' with a value, in function returning void
 #define XST_FAILURE                     1L
                                         ^
../src/vdma/vdma.c:176:10: note: in expansion of macro 'XST_FAILURE'
   return XST_FAILURE;
          ^
../src/vdma/vdma.c: In function 'dma_write_to_memory':
../src/vdma/vdma.c:186:6: warning: unused variable 'i' [-Wunused-variable]
  int i;
      ^
../src/vdma/vdma.c: In function 'reset_dma_write':
../src/vdma/vdma.c:327:1: warning: control reaches end of non-void function [-Wreturn-type]
 }
 ^
../src/vdma/vdma.c: In function 'reset_dma_read':
../src/vdma/vdma.c:331:1: warning: control reaches end of non-void function [-Wreturn-type]
 }
 ^
'Finished building: ../src/vdma/vdma.c'
' '
'Building target: videodemo.elf'
'Invoking: MicroBlaze gcc linker'
mb-gcc -Wl,-T -Wl,../src/lscript.ld -LW:/ece532/src/hdmi.sdk/standalone_bsp_1/microblaze_0/lib -mlittle-endian -mxl-barrel-shift -mxl-pattern-compare -mno-xl-soft-div -mcpu=v9.6 -mno-xl-soft-mul -mxl-multiply-high -mhard-float -mxl-float-convert -mxl-float-sqrt -Wl,--no-relax -o "videodemo.elf"  ./src/video_capture/video_capture.o  ./src/vdma/vdma.o  ./src/timer_ps/timer_ps.o  ./src/intc/intc.o  ./src/dynclk/dynclk.o  ./src/display_ctrl/display_ctrl.o  ./src/video_demo.o   -Wl,--start-group,-lxil,-lgcc,-lc,--end-group
'Finished building target: videodemo.elf'
' '
'Invoking: MicroBlaze Print Size'
mb-size videodemo.elf  |tee "videodemo.elf.size"
   text	   data	    bss	    dec	    hex	filename
  59298	    684	18671386	18731368	11dd168	videodemo.elf
'Finished building: videodemo.elf.size'
' '
20:37:35 **** Incremental Build of configuration Debug for project videodemo ****
make all 
make: Nothing to be done for `all'.
20:37:50 **** Incremental Build of configuration Debug for project videodemo ****
make all 
make: Nothing to be done for `all'.
20:37:51 **** Incremental Build of configuration Debug for project videodemo ****
make all 
make: Nothing to be done for `all'.
20:37:51 **** Incremental Build of configuration Debug for project videodemo ****
make all 
make: Nothing to be done for `all'.
20:37:52 **** Incremental Build of configuration Debug for project videodemo ****
make all 
make: Nothing to be done for `all'.
20:38:17 **** Incremental Build of configuration Debug for project videodemo ****
make all 
make: Nothing to be done for `all'.
20:39:51 **** Auto Build of configuration Debug for project videodemo ****
make all 
'Building file: ../src/vdma/vdma.c'
'Invoking: MicroBlaze gcc compiler'
mb-gcc -Wall -O0 -g3 -c -fmessage-length=0 -MT"src/vdma/vdma.o" -IW:/ece532/src/hdmi.sdk/standalone_bsp_1/microblaze_0/include -mlittle-endian -mxl-barrel-shift -mxl-pattern-compare -mno-xl-soft-div -mcpu=v9.5 -mno-xl-soft-mul -mxl-multiply-high -mhard-float -mxl-float-convert -mxl-float-sqrt -Wl,--no-relax -MMD -MP -MF"src/vdma/vdma.d" -MT"src/vdma/vdma.o" -o "src/vdma/vdma.o" "../src/vdma/vdma.c"
In file included from W:/ece532/src/hdmi.sdk/standalone_bsp_1/microblaze_0/include/xaxivdma.h:307:0,
                 from ../src/vdma/vdma.h:16,
                 from ../src/vdma/vdma.c:11:
../src/vdma/vdma.c: In function 'read_config':
W:/ece532/src/hdmi.sdk/standalone_bsp_1/microblaze_0/include/xstatus.h:60:41: warning: 'return' with a value, in function returning void
 #define XST_FAILURE                     1L
                                         ^
../src/vdma/vdma.c:60:11: note: in expansion of macro 'XST_FAILURE'
    return XST_FAILURE;
           ^
../src/vdma/vdma.c: In function 'dma_read_from_memory':
../src/vdma/vdma.c:70:6: warning: unused variable 'i' [-Wunused-variable]
  int i;
      ^
In file included from W:/ece532/src/hdmi.sdk/standalone_bsp_1/microblaze_0/include/xaxivdma.h:307:0,
                 from ../src/vdma/vdma.h:16,
                 from ../src/vdma/vdma.c:11:
../src/vdma/vdma.c: In function 'write_config':
W:/ece532/src/hdmi.sdk/standalone_bsp_1/microblaze_0/include/xstatus.h:60:41: warning: 'return' with a value, in function returning void
 #define XST_FAILURE                     1L
                                         ^
../src/vdma/vdma.c:176:10: note: in expansion of macro 'XST_FAILURE'
   return XST_FAILURE;
          ^
../src/vdma/vdma.c: In function 'dma_write_to_memory':
../src/vdma/vdma.c:186:6: warning: unused variable 'i' [-Wunused-variable]
  int i;
      ^
../src/vdma/vdma.c: In function 'reset_dma_write':
../src/vdma/vdma.c:327:1: warning: control reaches end of non-void function [-Wreturn-type]
 }
 ^
../src/vdma/vdma.c: In function 'reset_dma_read':
../src/vdma/vdma.c:331:1: warning: control reaches end of non-void function [-Wreturn-type]
 }
 ^
'Finished building: ../src/vdma/vdma.c'
' '
'Building target: videodemo.elf'
'Invoking: MicroBlaze gcc linker'
mb-gcc -Wl,-T -Wl,../src/lscript.ld -LW:/ece532/src/hdmi.sdk/standalone_bsp_1/microblaze_0/lib -mlittle-endian -mxl-barrel-shift -mxl-pattern-compare -mno-xl-soft-div -mcpu=v9.5 -mno-xl-soft-mul -mxl-multiply-high -mhard-float -mxl-float-convert -mxl-float-sqrt -Wl,--no-relax -o "videodemo.elf"  ./src/video_capture/video_capture.o  ./src/vdma/vdma.o  ./src/timer_ps/timer_ps.o  ./src/intc/intc.o  ./src/dynclk/dynclk.o  ./src/display_ctrl/display_ctrl.o  ./src/video_demo.o   -Wl,--start-group,-lxil,-lgcc,-lc,--end-group
'Finished building target: videodemo.elf'
' '
'Invoking: MicroBlaze Print Size'
mb-size videodemo.elf  |tee "videodemo.elf.size"
   text	   data	    bss	    dec	    hex	filename
  59298	    684	18671386	18731368	11dd168	videodemo.elf
'Finished building: videodemo.elf.size'
' '
20:39:54 **** Incremental Build of configuration Debug for project videodemo ****
make all 
make: Nothing to be done for `all'.
