#-----------------------------------------------------------
# Vivado v2016.2 (64-bit)
# SW Build 1577090 on Thu Jun  2 16:32:40 MDT 2016
# IP Build 1577682 on Fri Jun  3 12:00:54 MDT 2016
# Start of session at: Tue Mar 21 19:11:58 2017
# Process ID: 3412
# Current directory: W:/ece532/src
# Command line: vivado.exe -gui_launcher_event rodinguilauncherevent876 hdmi.xpr
# Log file: W:/ece532/src/vivado.log
# Journal file: W:/ece532/src\vivado.jou
#-----------------------------------------------------------
start_gui
open_project hdmi.xpr
update_compile_order -fileset sources_1
open_hw
connect_hw_server
open_hw_target
disconnect_hw_server localhost:3121
connect_hw_server
open_hw_target
set_property PROGRAM.FILE {W:/ece532/src/hdmi.runs/impl_1/hdmi_wrapper.bit} [lindex [get_hw_devices] 0]
set_property PROBES.FILE {W:/ece532/src/hdmi.runs/impl_1/debug_nets.ltx} [lindex [get_hw_devices] 0]
current_hw_device [lindex [get_hw_devices] 0]
refresh_hw_device -update_hw_probes false [lindex [get_hw_devices] 0]
set_property PROBES.FILE {W:/ece532/src/hdmi.runs/impl_1/debug_nets.ltx} [lindex [get_hw_devices] 0]
set_property PROGRAM.FILE {W:/ece532/src/hdmi.runs/impl_1/hdmi_wrapper.bit} [lindex [get_hw_devices] 0]
program_hw_devices [lindex [get_hw_devices] 0]
refresh_hw_device [lindex [get_hw_devices] 0]
launch_sdk -workspace W:/ece532/src/hdmi.sdk -hwspec W:/ece532/src/hdmi.sdk/hdmi_wrapper.hdf
launch_sdk -workspace W:/ece532/src/hdmi.sdk -hwspec W:/ece532/src/hdmi.sdk/hdmi_wrapper.hdf
open_bd_design {W:/ece532/src/hdmi.srcs/sources_1/bd/hdmi/hdmi.bd}
set_property SCOPED_TO_REF "" [get_files -all -of_objects [get_fileset sim_1] {W:/NexysVideo-master_2015.3/Projects/hdmi/sdk/videodemo/Debug/videodemo.elf}]
set_property SCOPED_TO_CELLS { } [get_files -all -of_objects [get_fileset sim_1] {W:/NexysVideo-master_2015.3/Projects/hdmi/sdk/videodemo/Debug/videodemo.elf}]
startgroup
create_bd_cell -type ip -vlnv xilinx.com:ip:ila:6.1 ila_0
endgroup
startgroup
set_property -dict [list CONFIG.C_DATA_DEPTH {4096} CONFIG.C_SLOT_0_AXI_PROTOCOL {AXI4S} CONFIG.C_NUM_OF_PROBES {9}] [get_bd_cells ila_0]
endgroup
connect_bd_net [get_bd_pins ila_0/clk] [get_bd_pins mig_7series_0/ui_clk]
startgroup
set_property -dict [list CONFIG.C_SLOT_0_AXIS_TDATA_WIDTH.VALUE_SRC USER] [get_bd_cells ila_0]
set_property -dict [list CONFIG.C_EN_STRG_QUAL {0} CONFIG.C_ADV_TRIGGER {true} CONFIG.C_SLOT_0_AXIS_TDATA_WIDTH {24} CONFIG.C_PROBE8_MU_CNT {2} CONFIG.C_PROBE7_MU_CNT {2} CONFIG.C_PROBE6_MU_CNT {2} CONFIG.C_PROBE5_MU_CNT {2} CONFIG.C_PROBE4_MU_CNT {2} CONFIG.C_PROBE3_MU_CNT {2} CONFIG.C_PROBE2_MU_CNT {2} CONFIG.C_PROBE1_MU_CNT {2} CONFIG.C_PROBE0_MU_CNT {2} CONFIG.ALL_PROBE_SAME_MU_CNT {2}] [get_bd_cells ila_0]
endgroup
connect_bd_intf_net [get_bd_intf_pins ila_0/SLOT_0_AXIS] [get_bd_intf_pins led_detect_0/S00_AXIS]
undo
connect_bd_intf_net [get_bd_intf_pins ila_0/SLOT_0_AXIS] [get_bd_intf_pins led_detect_0/S00_AXIS]
copy_bd_objs /  [get_bd_cells {ila_0}]
set_property location {7.5 2603 299} [get_bd_cells ila_1]
connect_bd_intf_net [get_bd_intf_pins ila_1/SLOT_0_AXIS] [get_bd_intf_pins led_detect_0/M00_AXIS]
connect_bd_net [get_bd_pins ila_1/clk] [get_bd_pins mig_7series_0/ui_clk]
save_bd_design
validate_bd_design
save_bd_design
reset_run synth_1
launch_runs impl_1 -to_step write_bitstream -jobs 4
wait_on_run impl_1
file copy -force W:/ece532/src/hdmi.runs/impl_1/hdmi_wrapper.sysdef W:/ece532/src/hdmi.sdk/hdmi_wrapper.hdf

launch_sdk -workspace W:/ece532/src/hdmi.sdk -hwspec W:/ece532/src/hdmi.sdk/hdmi_wrapper.hdf
launch_sdk -workspace W:/ece532/src/hdmi.sdk -hwspec W:/ece532/src/hdmi.sdk/hdmi_wrapper.hdf
set_property PROBES.FILE {W:/ece532/src/hdmi.runs/impl_1/debug_nets.ltx} [lindex [get_hw_devices] 0]
set_property PROGRAM.FILE {W:/ece532/src/hdmi.runs/impl_1/hdmi_wrapper.bit} [lindex [get_hw_devices] 0]
program_hw_devices [lindex [get_hw_devices] 0]
refresh_hw_device [lindex [get_hw_devices] 0]
display_hw_ila_data [ get_hw_ila_data hw_ila_data_1 -of_objects [get_hw_ilas -of_objects [get_hw_devices xc7a200t_0] -filter {CELL_NAME=~"hdmi_i/ila_0"}]]
display_hw_ila_data [ get_hw_ila_data hw_ila_data_2 -of_objects [get_hw_ilas -of_objects [get_hw_devices xc7a200t_0] -filter {CELL_NAME=~"hdmi_i/ila_1"}]]
run_hw_ila [get_hw_ilas -of_objects [get_hw_devices xc7a200t_0] -filter {CELL_NAME=~"hdmi_i/ila_1"}]
run_hw_ila [get_hw_ilas -of_objects [get_hw_devices xc7a200t_0] -filter {CELL_NAME=~"hdmi_i/ila_0"}]
wait_on_hw_ila [get_hw_ilas -of_objects [get_hw_devices xc7a200t_0] -filter {CELL_NAME=~"hdmi_i/ila_0"}]\
  [get_hw_ilas -of_objects [get_hw_devices xc7a200t_0] -filter {CELL_NAME=~"hdmi_i/ila_1"}]
display_hw_ila_data [upload_hw_ila_data [get_hw_ilas -of_objects [get_hw_devices xc7a200t_0] -filter {CELL_NAME=~"hdmi_i/ila_0"}]]
display_hw_ila_data [upload_hw_ila_data [get_hw_ilas -of_objects [get_hw_devices xc7a200t_0] -filter {CELL_NAME=~"hdmi_i/ila_1"}]]
set_property PROBES.FILE {W:/ece532/src/hdmi.runs/impl_1/debug_nets.ltx} [lindex [get_hw_devices] 0]
set_property PROGRAM.FILE {W:/ece532/src/hdmi.runs/impl_1/hdmi_wrapper.bit} [lindex [get_hw_devices] 0]
program_hw_devices [lindex [get_hw_devices] 0]
disconnect_hw_server localhost:3121
connect_hw_server
disconnect_hw_server localhost:3121
connect_hw_server
set_property PROBES.FILE {W:/ece532/src/hdmi.runs/impl_1/debug_nets.ltx} [lindex [get_hw_devices] 0]
set_property PROGRAM.FILE {W:/ece532/src/hdmi.runs/impl_1/hdmi_wrapper.bit} [lindex [get_hw_devices] 0]
program_hw_devices [lindex [get_hw_devices] 0]
refresh_hw_device [lindex [get_hw_devices] 0]
display_hw_ila_data [ get_hw_ila_data hw_ila_data_1 -of_objects [get_hw_ilas -of_objects [get_hw_devices xc7a200t_0] -filter {CELL_NAME=~"hdmi_i/ila_0"}]]
display_hw_ila_data [ get_hw_ila_data hw_ila_data_2 -of_objects [get_hw_ilas -of_objects [get_hw_devices xc7a200t_0] -filter {CELL_NAME=~"hdmi_i/ila_1"}]]
set_property PROBES.FILE {W:/ece532/src/hdmi.runs/impl_1/debug_nets.ltx} [lindex [get_hw_devices] 0]
set_property PROGRAM.FILE {W:/ece532/src/hdmi.runs/impl_1/hdmi_wrapper.bit} [lindex [get_hw_devices] 0]
program_hw_devices [lindex [get_hw_devices] 0]
refresh_hw_device [lindex [get_hw_devices] 0]
set_property TRIGGER_COMPARE_VALUE eq1'bX [get_hw_probes hdmi_i/led_detect_0_M00_AXIS_TREADY -of_objects [get_hw_ilas -of_objects [get_hw_devices xc7a200t_0] -filter {CELL_NAME=~"hdmi_i/ila_1"}]]
set_property TRIGGER_COMPARE_VALUE gt24'h00_0000 [get_hw_probes hdmi_i/led_detect_0_M00_AXIS_TDATA -of_objects [get_hw_ilas -of_objects [get_hw_devices xc7a200t_0] -filter {CELL_NAME=~"hdmi_i/ila_1"}]]
set_property TRIGGER_COMPARE_VALUE eq1'bX [get_hw_probes hdmi_i/led_detect_0_M00_AXIS_TVALID -of_objects [get_hw_ilas -of_objects [get_hw_devices xc7a200t_0] -filter {CELL_NAME=~"hdmi_i/ila_1"}]]
run_hw_ila [get_hw_ilas -of_objects [get_hw_devices xc7a200t_0] -filter {CELL_NAME=~"hdmi_i/ila_0"}]
run_hw_ila [get_hw_ilas -of_objects [get_hw_devices xc7a200t_0] -filter {CELL_NAME=~"hdmi_i/ila_1"}]
wait_on_hw_ila [get_hw_ilas -of_objects [get_hw_devices xc7a200t_0] -filter {CELL_NAME=~"hdmi_i/ila_1"}]
display_hw_ila_data [upload_hw_ila_data [get_hw_ilas -of_objects [get_hw_devices xc7a200t_0] -filter {CELL_NAME=~"hdmi_i/ila_1"}]]
set_property TRIGGER_COMPARE_VALUE eq1'b1 [get_hw_probes hdmi_i/led_detect_0_M00_AXIS_TVALID -of_objects [get_hw_ilas -of_objects [get_hw_devices xc7a200t_0] -filter {CELL_NAME=~"hdmi_i/ila_1"}]]
set_property TRIGGER_COMPARE_VALUE eq24'hXX_XXXX [get_hw_probes hdmi_i/led_detect_0_M00_AXIS_TDATA -of_objects [get_hw_ilas -of_objects [get_hw_devices xc7a200t_0] -filter {CELL_NAME=~"hdmi_i/ila_1"}]]
run_hw_ila [get_hw_ilas -of_objects [get_hw_devices xc7a200t_0] -filter {CELL_NAME=~"hdmi_i/ila_1"}]
wait_on_hw_ila [get_hw_ilas -of_objects [get_hw_devices xc7a200t_0] -filter {CELL_NAME=~"hdmi_i/ila_0"}]
display_hw_ila_data [upload_hw_ila_data [get_hw_ilas -of_objects [get_hw_devices xc7a200t_0] -filter {CELL_NAME=~"hdmi_i/ila_0"}]]
wait_on_hw_ila [get_hw_ilas -of_objects [get_hw_devices xc7a200t_0] -filter {CELL_NAME=~"hdmi_i/ila_1"}]
display_hw_ila_data [upload_hw_ila_data [get_hw_ilas -of_objects [get_hw_devices xc7a200t_0] -filter {CELL_NAME=~"hdmi_i/ila_1"}]]
run_hw_ila [get_hw_ilas -of_objects [get_hw_devices xc7a200t_0] -filter {CELL_NAME=~"hdmi_i/ila_0"}]
wait_on_hw_ila [get_hw_ilas -of_objects [get_hw_devices xc7a200t_0] -filter {CELL_NAME=~"hdmi_i/ila_0"}]
display_hw_ila_data [upload_hw_ila_data [get_hw_ilas -of_objects [get_hw_devices xc7a200t_0] -filter {CELL_NAME=~"hdmi_i/ila_0"}]]
set_property TRIGGER_COMPARE_VALUE gt24'h00_0000 [get_hw_probes hdmi_i/led_detect_0_M00_AXIS_TDATA -of_objects [get_hw_ilas -of_objects [get_hw_devices xc7a200t_0] -filter {CELL_NAME=~"hdmi_i/ila_1"}]]
run_hw_ila [get_hw_ilas -of_objects [get_hw_devices xc7a200t_0] -filter {CELL_NAME=~"hdmi_i/ila_1"}]
wait_on_hw_ila [get_hw_ilas -of_objects [get_hw_devices xc7a200t_0] -filter {CELL_NAME=~"hdmi_i/ila_1"}]
display_hw_ila_data [upload_hw_ila_data [get_hw_ilas -of_objects [get_hw_devices xc7a200t_0] -filter {CELL_NAME=~"hdmi_i/ila_1"}]]
set_property PROBES.FILE {W:/ece532/src/hdmi.runs/impl_1/debug_nets.ltx} [lindex [get_hw_devices] 0]
set_property PROGRAM.FILE {W:/ece532/src/hdmi.runs/impl_1/hdmi_wrapper.bit} [lindex [get_hw_devices] 0]
program_hw_devices [lindex [get_hw_devices] 0]
refresh_hw_device [lindex [get_hw_devices] 0]
set_property PROBES.FILE {W:/ece532/src/hdmi.runs/impl_1/debug_nets.ltx} [lindex [get_hw_devices] 0]
set_property PROGRAM.FILE {W:/ece532/src/hdmi.runs/impl_1/hdmi_wrapper.bit} [lindex [get_hw_devices] 0]
program_hw_devices [lindex [get_hw_devices] 0]
